Archive member included to satisfy reference by file (symbol)

/opt/homebrew/Cellar/arm-none-eabi-gcc/10.3-2021.10/gcc/bin/../lib/gcc/arm-none-eabi/10.3.1/../../../../arm-none-eabi/lib/thumb/v7e-m+fp/hard/libc.a(lib_a-ctype_.o)
                              _build/nrf_log_str_formatter.o (_ctype_)
/opt/homebrew/Cellar/arm-none-eabi-gcc/10.3-2021.10/gcc/bin/../lib/gcc/arm-none-eabi/10.3.1/../../../../arm-none-eabi/lib/thumb/v7e-m+fp/hard/libc.a(lib_a-exit.o)
                              /opt/homebrew/Cellar/arm-none-eabi-gcc/10.3-2021.10/gcc/bin/../lib/gcc/arm-none-eabi/10.3.1/../../../../arm-none-eabi/lib/thumb/v7e-m+fp/hard/crt0.o (exit)
/opt/homebrew/Cellar/arm-none-eabi-gcc/10.3-2021.10/gcc/bin/../lib/gcc/arm-none-eabi/10.3.1/../../../../arm-none-eabi/lib/thumb/v7e-m+fp/hard/libc.a(lib_a-impure.o)
                              /opt/homebrew/Cellar/arm-none-eabi-gcc/10.3-2021.10/gcc/bin/../lib/gcc/arm-none-eabi/10.3.1/../../../../arm-none-eabi/lib/thumb/v7e-m+fp/hard/libc.a(lib_a-exit.o) (_global_impure_ptr)
/opt/homebrew/Cellar/arm-none-eabi-gcc/10.3-2021.10/gcc/bin/../lib/gcc/arm-none-eabi/10.3.1/../../../../arm-none-eabi/lib/thumb/v7e-m+fp/hard/libc.a(lib_a-init.o)
                              /opt/homebrew/Cellar/arm-none-eabi-gcc/10.3-2021.10/gcc/bin/../lib/gcc/arm-none-eabi/10.3.1/../../../../arm-none-eabi/lib/thumb/v7e-m+fp/hard/crt0.o (__libc_init_array)
/opt/homebrew/Cellar/arm-none-eabi-gcc/10.3-2021.10/gcc/bin/../lib/gcc/arm-none-eabi/10.3.1/../../../../arm-none-eabi/lib/thumb/v7e-m+fp/hard/libc.a(lib_a-memcmp.o)
                              _build/nrf_twi_mngr.o (memcmp)
/opt/homebrew/Cellar/arm-none-eabi-gcc/10.3-2021.10/gcc/bin/../lib/gcc/arm-none-eabi/10.3.1/../../../../arm-none-eabi/lib/thumb/v7e-m+fp/hard/libc.a(lib_a-memcpy.o)
                              _build/app_scheduler.o (memcpy)
/opt/homebrew/Cellar/arm-none-eabi-gcc/10.3-2021.10/gcc/bin/../lib/gcc/arm-none-eabi/10.3.1/../../../../arm-none-eabi/lib/thumb/v7e-m+fp/hard/libc.a(lib_a-memset.o)
                              /opt/homebrew/Cellar/arm-none-eabi-gcc/10.3-2021.10/gcc/bin/../lib/gcc/arm-none-eabi/10.3.1/../../../../arm-none-eabi/lib/thumb/v7e-m+fp/hard/crt0.o (memset)
/opt/homebrew/Cellar/arm-none-eabi-gcc/10.3-2021.10/gcc/bin/../lib/gcc/arm-none-eabi/10.3.1/../../../../arm-none-eabi/lib/thumb/v7e-m+fp/hard/libc.a(lib_a-printf.o)
                              _build/better_error_handling.o (printf)
/opt/homebrew/Cellar/arm-none-eabi-gcc/10.3-2021.10/gcc/bin/../lib/gcc/arm-none-eabi/10.3.1/../../../../arm-none-eabi/lib/thumb/v7e-m+fp/hard/libc.a(lib_a-setbuf.o)
                              _build/microbit_before_startup.o (setbuf)
/opt/homebrew/Cellar/arm-none-eabi-gcc/10.3-2021.10/gcc/bin/../lib/gcc/arm-none-eabi/10.3.1/../../../../arm-none-eabi/lib/thumb/v7e-m+fp/hard/libc.a(lib_a-setvbuf.o)
                              /opt/homebrew/Cellar/arm-none-eabi-gcc/10.3-2021.10/gcc/bin/../lib/gcc/arm-none-eabi/10.3.1/../../../../arm-none-eabi/lib/thumb/v7e-m+fp/hard/libc.a(lib_a-setbuf.o) (setvbuf)
/opt/homebrew/Cellar/arm-none-eabi-gcc/10.3-2021.10/gcc/bin/../lib/gcc/arm-none-eabi/10.3.1/../../../../arm-none-eabi/lib/thumb/v7e-m+fp/hard/libc.a(lib_a-strlen.o)
                              _build/nrf_fprintf_format.o (strlen)
/opt/homebrew/Cellar/arm-none-eabi-gcc/10.3-2021.10/gcc/bin/../lib/gcc/arm-none-eabi/10.3.1/../../../../arm-none-eabi/lib/thumb/v7e-m+fp/hard/libc.a(lib_a-vfprintf.o)
                              /opt/homebrew/Cellar/arm-none-eabi-gcc/10.3-2021.10/gcc/bin/../lib/gcc/arm-none-eabi/10.3.1/../../../../arm-none-eabi/lib/thumb/v7e-m+fp/hard/libc.a(lib_a-printf.o) (_vfprintf_r)
/opt/homebrew/Cellar/arm-none-eabi-gcc/10.3-2021.10/gcc/bin/../lib/gcc/arm-none-eabi/10.3.1/../../../../arm-none-eabi/lib/thumb/v7e-m+fp/hard/libc.a(lib_a-wsetup.o)
                              /opt/homebrew/Cellar/arm-none-eabi-gcc/10.3-2021.10/gcc/bin/../lib/gcc/arm-none-eabi/10.3.1/../../../../arm-none-eabi/lib/thumb/v7e-m+fp/hard/libc.a(lib_a-vfprintf.o) (__swsetup_r)
/opt/homebrew/Cellar/arm-none-eabi-gcc/10.3-2021.10/gcc/bin/../lib/gcc/arm-none-eabi/10.3.1/../../../../arm-none-eabi/lib/thumb/v7e-m+fp/hard/libc.a(lib_a-__call_atexit.o)
                              /opt/homebrew/Cellar/arm-none-eabi-gcc/10.3-2021.10/gcc/bin/../lib/gcc/arm-none-eabi/10.3.1/../../../../arm-none-eabi/lib/thumb/v7e-m+fp/hard/libc.a(lib_a-exit.o) (__call_exitprocs)
/opt/homebrew/Cellar/arm-none-eabi-gcc/10.3-2021.10/gcc/bin/../lib/gcc/arm-none-eabi/10.3.1/../../../../arm-none-eabi/lib/thumb/v7e-m+fp/hard/libc.a(lib_a-atexit.o)
                              /opt/homebrew/Cellar/arm-none-eabi-gcc/10.3-2021.10/gcc/bin/../lib/gcc/arm-none-eabi/10.3.1/../../../../arm-none-eabi/lib/thumb/v7e-m+fp/hard/libc.a(lib_a-__call_atexit.o) (atexit)
/opt/homebrew/Cellar/arm-none-eabi-gcc/10.3-2021.10/gcc/bin/../lib/gcc/arm-none-eabi/10.3.1/../../../../arm-none-eabi/lib/thumb/v7e-m+fp/hard/libc.a(lib_a-dtoa.o)
[...]
Memory Configuration

Name             Origin             Length             Attributes
FLASH            0x0000000000000000 0x0000000000080000 xr
RAM              0x0000000020000000 0x0000000000020000 xrw
*default*        0x0000000000000000 0xffffffffffffffff

Linker script and memory map

                0x000000000007f000                __stop_ot_flash_data = ((ORIGIN (FLASH) + LENGTH (FLASH)) - FLASH_PAGE_SIZE)
                0x000000000007b000                __start_ot_flash_data = (__stop_ot_flash_data - (FLASH_PAGE_SIZE * FLASH_DATA_PAGES_USED))
                0x0000000000000001                ASSERT ((__start_ot_flash_data >= (__etext + SIZEOF (.data))), Error: Code overlaps flash data area.)

.text           0x0000000000000000     0xbec8
 *(.isr_vector)
 .isr_vector    0x0000000000000000      0x200 _build/gcc_startup_nrf52833.os
                0x0000000000000000                __isr_vector
 *(.text*)
 .text          0x0000000000000200       0x40 /opt/homebrew/Cellar/arm-none-eabi-gcc/10.3-2021.10/gcc/bin/../lib/gcc/arm-none-eabi/10.3.1/thumb/v7e-m+fp/hard/crtbegin.o
 .text          0x0000000000000240       0x7c /opt/homebrew/Cellar/arm-none-eabi-gcc/10.3-2021.10/gcc/bin/../lib/gcc/arm-none-eabi/10.3.1/../../../../arm-none-eabi/lib/thumb/v7e-m+fp/hard/crt0.o
                0x0000000000000240                _stack_init
                0x0000000000000248                _mainCRTStartup
                0x0000000000000248                _start
 .text.startup.main
                0x00000000000002bc       0x3c _build/main.o
                0x00000000000002bc                main
 .text.nrf_gpio_pin_port_decode
                0x00000000000002f8       0x30 _build/better_error_handling.o
 .text.nrf_gpio_pin_clear
                0x0000000000000328       0x1a _build/better_error_handling.o
 .text.nrf_gpio_pin_set
                0x0000000000000342       0x1a _build/better_error_handling.o
 .text.nrf_delay_ms.part.0
                0x000000000000035c       0x1c _build/better_error_handling.o
 .text.error_blink_pattern
                0x0000000000000378      0x104 _build/better_error_handling.o
 .text.app_error_fault_handler
                0x000000000000047c       0x74 _build/better_error_handling.o
                0x000000000000047c                app_error_fault_handler
 .text.HardFault_c_handler
                0x00000000000004f0       0xec _build/better_error_handling.o
                0x00000000000004f0                HardFault_c_handler
 .text._close   0x00000000000005dc        0x2 _build/clib_stubs.o
                0x00000000000005dc                _close
 .text._fstat   0x00000000000005de        0x2 _build/clib_stubs.o
                0x00000000000005de                _fstat
 .text._getpid  0x00000000000005e0        0x2 _build/clib_stubs.o
                0x00000000000005e0                _getpid
 .text._isatty  0x00000000000005e2        0x2 _build/clib_stubs.o
                0x00000000000005e2                _isatty
 .text._kill    0x00000000000005e4        0x2 _build/clib_stubs.o
                0x00000000000005e4                _kill
 .text._lseek   0x00000000000005e6        0x2 _build/clib_stubs.o
                0x00000000000005e6                _lseek
 .text.startup.called_first
                0x00000000000005e8       0x48 _build/microbit_before_startup.o
                0x00000000000005e8                called_first
 .text.nrf_log_backend_uart_flush
                0x0000000000000630        0x2 _build/microbit_nrf_log_backend_uart.o
 *fill*         0x0000000000000632        0x2 
 .text.nrf_log_backend_uart_put
                0x0000000000000634       0x1c _build/microbit_nrf_log_backend_uart.o
 .text.uart_init.constprop.0
                0x0000000000000650       0x54 _build/microbit_nrf_log_backend_uart.o
 .text.serial_tx
                0x00000000000006a4       0x50 _build/microbit_nrf_log_backend_uart.o
 .text.nrf_log_backend_uart_panic_set
                0x00000000000006f4       0x2c _build/microbit_nrf_log_backend_uart.o
 .text.nrf_log_backend_uart_init
                0x0000000000000720        0x4 _build/microbit_nrf_log_backend_uart.o
                0x0000000000000720                nrf_log_backend_uart_init
 .text._write   0x0000000000000724       0x2c _build/microbit_retarget.o
                0x0000000000000724                _write
 .text._read    0x0000000000000750       0x30 _build/microbit_retarget.o
                0x0000000000000750                _read
 .text.app_error_handler
                0x0000000000000780       0x1a _build/app_error_handler_gcc.o
                0x0000000000000780                app_error_handler
 *fill*         0x000000000000079a        0x2 
 .text.nrfx_coredep_delay_us.part.0.constprop.0
                0x000000000000079c       0x10 _build/app_timer.o
 .text.RTC1_IRQHandler
                0x00000000000007ac       0x9c _build/app_timer.o
                0x00000000000007ac                RTC1_IRQHandler
 .text.SWI0_EGU0_IRQHandler
                0x0000000000000848      0x2b8 _build/app_timer.o
                0x0000000000000848                SWI0_EGU0_IRQHandler
 .text.app_util_disable_irq
                0x0000000000000b00       0x10 _build/app_util_platform.o
                0x0000000000000b00                app_util_disable_irq
 .text.app_util_enable_irq
                0x0000000000000b10       0x14 _build/app_util_platform.o
                0x0000000000000b10                app_util_enable_irq
 .text.privilege_level_get
                0x0000000000000b24       0x1a _build/app_util_platform.o
                0x0000000000000b24                privilege_level_get
 *fill*         0x0000000000000b3e        0x2 
 .text.app_util_critical_region_enter
                0x0000000000000b40       0x20 _build/app_util_platform.o
                0x0000000000000b40                app_util_critical_region_enter
 .text.app_util_critical_region_exit
                0x0000000000000b60       0x20 _build/app_util_platform.o
                0x0000000000000b60                app_util_critical_region_exit
 .text.HardFault_Handler
                0x0000000000000b80       0x34 _build/hardfault_handler_gcc.o
                0x0000000000000b80                HardFault_Handler
 .text.assert_nrf_callback
                0x0000000000000bb4       0x1a _build/nrf_assert.o
                0x0000000000000bb4                assert_nrf_callback
 .text.nrf_atomic_u32_fetch_store
                0x0000000000000bce       0x16 _build/nrf_atomic.o
                0x0000000000000bce                nrf_atomic_u32_fetch_store
 .text.nrf_atomic_u32_or
                0x0000000000000be4       0x18 _build/nrf_atomic.o
                0x0000000000000be4                nrf_atomic_u32_or
 .text.nrf_atomic_u32_fetch_and
                0x0000000000000bfc       0x18 _build/nrf_atomic.o
                0x0000000000000bfc                nrf_atomic_u32_fetch_and
 .text.nrf_atomic_u32_add
                0x0000000000000c14       0x18 _build/nrf_atomic.o
                0x0000000000000c14                nrf_atomic_u32_add
 .text.nrf_atomic_u32_sub
                0x0000000000000c2c       0x18 _build/nrf_atomic.o
                0x0000000000000c2c                nrf_atomic_u32_sub
 .text.nrf_atomic_flag_set
                0x0000000000000c44        0x6 _build/nrf_atomic.o
                0x0000000000000c44                nrf_atomic_flag_set
 .text.nrf_atomic_flag_clear_fetch
                0x0000000000000c4a        0x6 _build/nrf_atomic.o
                0x0000000000000c4a                nrf_atomic_flag_clear_fetch
 .text.nrf_balloc_init
                0x0000000000000c50       0x7c _build/nrf_balloc.o
                0x0000000000000c50                nrf_balloc_init
 .text.nrf_balloc_alloc
                0x0000000000000ccc       0x54 _build/nrf_balloc.o
                0x0000000000000ccc                nrf_balloc_alloc
 .text.nrf_balloc_free
                0x0000000000000d20       0x48 _build/nrf_balloc.o
                0x0000000000000d20                nrf_balloc_free
 .text.uarte_evt_handler
                0x0000000000000d68       0x34 _build/nrf_drv_uart.o
 .text.uart_evt_handler
                0x0000000000000d9c       0x34 _build/nrf_drv_uart.o
 .text.nrf_drv_uart_init
                0x0000000000000dd0       0x7c _build/nrf_drv_uart.o
                0x0000000000000dd0                nrf_drv_uart_init
 .text.nrf_fprintf_buffer_flush
                0x0000000000000e4c       0x24 _build/nrf_fprintf.o
                0x0000000000000e4c                nrf_fprintf_buffer_flush
 .text.nrf_fprintf
                0x0000000000000e70       0x54 _build/nrf_fprintf.o
                0x0000000000000e70                nrf_fprintf
 .text.buffer_add
                0x0000000000000ec4       0x1e _build/nrf_fprintf_format.o
 *fill*         0x0000000000000ee2        0x2 
 .text.unsigned_print
                0x0000000000000ee4       0xb4 _build/nrf_fprintf_format.o
 .text.nrf_fprintf_fmt
                0x0000000000000f98      0x2d0 _build/nrf_fprintf_format.o
                0x0000000000000f98                nrf_fprintf_fmt
 .text.nrf_log_backend_serial_put
                0x0000000000001268       0xc2 _build/nrf_log_backend_serial.o
                0x0000000000001268                nrf_log_backend_serial_put
 *fill*         0x000000000000132a        0x2 
 .text.nrf_log_default_backends_init
                0x000000000000132c       0x30 _build/nrf_log_default_backends.o
                0x000000000000132c                nrf_log_default_backends_init
 .text.invalid_packets_omit
                0x000000000000135c       0x3a _build/nrf_log_frontend.o
 *fill*         0x0000000000001396        0x2 
 .text.buf_prealloc
                0x0000000000001398      0x144 _build/nrf_log_frontend.o
 .text.nrf_log_init
                0x00000000000014dc       0x3c _build/nrf_log_frontend.o
                0x00000000000014dc                nrf_log_init
 .text.nrf_log_module_name_get
                0x0000000000001518       0x38 _build/nrf_log_frontend.o
                0x0000000000001518                nrf_log_module_name_get
 .text.nrf_log_color_id_get
                0x0000000000001550       0x2c _build/nrf_log_frontend.o
                0x0000000000001550                nrf_log_color_id_get
 .text.buffer_is_empty
                0x000000000000157c       0x14 _build/nrf_log_frontend.o
                0x000000000000157c                buffer_is_empty
 .text.nrf_log_frontend_dequeue
                0x0000000000001590      0x224 _build/nrf_log_frontend.o
                0x0000000000001590                nrf_log_frontend_dequeue
 .text.std_n    0x00000000000017b4       0xb8 _build/nrf_log_frontend.o
 .text.nrf_log_frontend_std_0
                0x000000000000186c        0x8 _build/nrf_log_frontend.o
                0x000000000000186c                nrf_log_frontend_std_0
 .text.nrf_log_frontend_std_1
                0x0000000000001874       0x12 _build/nrf_log_frontend.o
                0x0000000000001874                nrf_log_frontend_std_1
 .text.nrf_log_frontend_std_3
                0x0000000000001886       0x18 _build/nrf_log_frontend.o
                0x0000000000001886                nrf_log_frontend_std_3
 .text.nrf_log_frontend_std_4
                0x000000000000189e       0x1c _build/nrf_log_frontend.o
                0x000000000000189e                nrf_log_frontend_std_4
 *fill*         0x00000000000018ba        0x2 
 .text.nrf_log_backend_add
                0x00000000000018bc       0x54 _build/nrf_log_frontend.o
                0x00000000000018bc                nrf_log_backend_add
 .text.nrf_log_panic
                0x0000000000001910       0x28 _build/nrf_log_frontend.o
                0x0000000000001910                nrf_log_panic
 .text.prefix_process
                0x0000000000001938       0x7c _build/nrf_log_str_formatter.o
 .text.postfix_process
                0x00000000000019b4       0x44 _build/nrf_log_str_formatter.o
 .text.nrf_log_std_entry_process
                0x00000000000019f8       0xc8 _build/nrf_log_str_formatter.o
                0x00000000000019f8                nrf_log_std_entry_process
 .text.nrf_log_hexdump_entry_process
                0x0000000000001ac0       0xc0 _build/nrf_log_str_formatter.o
                0x0000000000001ac0                nrf_log_hexdump_entry_process
 .text.memobj_op
                0x0000000000001b80       0xa8 _build/nrf_memobj.o
 .text.nrf_memobj_pool_init
                0x0000000000001c28        0x4 _build/nrf_memobj.o
                0x0000000000001c28                nrf_memobj_pool_init
 .text.nrf_memobj_free
                0x0000000000001c2c       0x2c _build/nrf_memobj.o
                0x0000000000001c2c                nrf_memobj_free
 .text.nrf_memobj_alloc
                0x0000000000001c58       0x5e _build/nrf_memobj.o
                0x0000000000001c58                nrf_memobj_alloc
 .text.nrf_memobj_get
                0x0000000000001cb6        0x8 _build/nrf_memobj.o
                0x0000000000001cb6                nrf_memobj_get
 .text.nrf_memobj_put
                0x0000000000001cbe       0x1c _build/nrf_memobj.o
                0x0000000000001cbe                nrf_memobj_put
 *fill*         0x0000000000001cda        0x2 
 .text.nrf_memobj_write
                0x0000000000001cdc       0x28 _build/nrf_memobj.o
                0x0000000000001cdc                nrf_memobj_write
 .text.nrf_memobj_read
                0x0000000000001d04       0x28 _build/nrf_memobj.o
                0x0000000000001d04                nrf_memobj_read
 .text.nrf_ringbuf_init
                0x0000000000001d2c       0x1c _build/nrf_ringbuf.o
                0x0000000000001d2c                nrf_ringbuf_init
 .text.nrf_strerror_find
                0x0000000000001d48       0x3c _build/nrf_strerror.o
                0x0000000000001d48                nrf_strerror_find
 .text.nrf_strerror_get
                0x0000000000001d84       0x14 _build/nrf_strerror.o
                0x0000000000001d84                nrf_strerror_get
 .text.POWER_CLOCK_IRQHandler
                0x0000000000001d98       0x5c _build/nrfx_clock.o
                0x0000000000001d98                POWER_CLOCK_IRQHandler
 .text.nrf_gpiote_event_clear
                0x0000000000001df4       0x18 _build/nrfx_gpiote.o
 .text.nrf_bitmask_bit_set
                0x0000000000001e0c       0x14 _build/nrfx_gpiote.o
 .text.nrf_gpio_pin_port_decode
                0x0000000000001e20       0x30 _build/nrfx_gpiote.o
 .text.nrf_gpio_cfg_sense_set
                0x0000000000001e50       0x2e _build/nrfx_gpiote.o
 *fill*         0x0000000000001e7e        0x2 
 .text.nrf_gpio_ports_read.constprop.0
                0x0000000000001e80       0x18 _build/nrfx_gpiote.o
 .text.GPIOTE_IRQHandler
                0x0000000000001e98      0x19c _build/nrfx_gpiote.o
                0x0000000000001e98                GPIOTE_IRQHandler
 .text.UARTE0_UART0_IRQHandler
                0x0000000000002034       0x20 _build/nrfx_prs.o
                0x0000000000002034                UARTE0_UART0_IRQHandler
 .text.nrfx_prs_acquire
                0x0000000000002054       0x44 _build/nrfx_prs.o
                0x0000000000002054                nrfx_prs_acquire
 .text.nrfx_prs_release
                0x0000000000002098       0x28 _build/nrfx_prs.o
                0x0000000000002098                nrfx_prs_release
 .text.nrf_pwm_event_clear
                0x00000000000020c0       0x10 _build/nrfx_pwm.o
 .text.irq_handler
                0x00000000000020d0       0x80 _build/nrfx_pwm.o
 .text.PWM0_IRQHandler
                0x0000000000002150       0x10 _build/nrfx_pwm.o
                0x0000000000002150                PWM0_IRQHandler
 .text.PWM1_IRQHandler
                0x0000000000002160       0x10 _build/nrfx_pwm.o
                0x0000000000002160                PWM1_IRQHandler
 .text.nrf_saadc_event_clear
                0x0000000000002170       0x18 _build/nrfx_saadc.o
 .text.SAADC_IRQHandler
                0x0000000000002188      0x154 _build/nrfx_saadc.o
                0x0000000000002188                SAADC_IRQHandler
 .text.nrf_gpio_pin_port_decode
                0x00000000000022dc       0x30 _build/nrfx_spim.o
 .text.nrf_gpio_pin_clear
                0x000000000000230c       0x1a _build/nrfx_spim.o
 .text.nrf_gpio_pin_set
                0x0000000000002326       0x1a _build/nrfx_spim.o
 .text.SPIM2_SPIS2_SPI2_IRQHandler
                0x0000000000002340       0x64 _build/nrfx_spim.o
                0x0000000000002340                SPIM2_SPIS2_SPI2_IRQHandler
 .text.irq_handler.constprop.0
                0x00000000000023a4       0x4c _build/nrfx_timer.o
 .text.TIMER0_IRQHandler
                0x00000000000023f0       0x10 _build/nrfx_timer.o
                0x00000000000023f0                TIMER0_IRQHandler
 .text.TIMER1_IRQHandler
                0x0000000000002400       0x10 _build/nrfx_timer.o
                0x0000000000002400                TIMER1_IRQHandler
 .text.nrf_twim_event_clear
                0x0000000000002410       0x10 _build/nrfx_twim.o
 .text.xfer_completeness_check
                0x0000000000002420       0x6c _build/nrfx_twim.o
 .text.twim_irq_handler
                0x000000000000248c      0x138 _build/nrfx_twim.o
 .text.SPIM0_SPIS0_TWIM0_TWIS0_SPI0_TWI0_IRQHandler
                0x00000000000025c4       0x10 _build/nrfx_twim.o
                0x00000000000025c4                SPIM0_SPIS0_TWIM0_TWIS0_SPI0_TWI0_IRQHandler
 .text.SPIM1_SPIS1_TWIM1_TWIS1_SPI1_TWI1_IRQHandler
                0x00000000000025d4       0x10 _build/nrfx_twim.o
                0x00000000000025d4                SPIM1_SPIS1_TWIM1_TWIS1_SPI1_TWI1_IRQHandler
 .text.nrf_uart_event_clear
                0x00000000000025e4       0x10 _build/nrfx_uart.o
 .text.tx_byte  0x00000000000025f4       0x1e _build/nrfx_uart.o
 .text.rx_enable
                0x0000000000002612       0x20 _build/nrfx_uart.o
 *fill*         0x0000000000002632        0x2 
 .text.nrf_gpio_pin_port_decode
                0x0000000000002634       0x30 _build/nrfx_uart.o
 .text.nrf_gpio_cfg_default
                0x0000000000002664       0x1c _build/nrfx_uart.o
 .text.rx_byte  0x0000000000002680       0x2c _build/nrfx_uart.o
 .text.rx_done_event.constprop.0
                0x00000000000026ac       0x20 _build/nrfx_uart.o
 .text.nrfx_uart_0_irq_handler
                0x00000000000026cc      0x144 _build/nrfx_uart.o
                0x00000000000026cc                nrfx_uart_0_irq_handler
 .text.nrfx_uart_init
                0x0000000000002810      0x1e0 _build/nrfx_uart.o
                0x0000000000002810                nrfx_uart_init
 .text.nrfx_uart_uninit
                0x00000000000029f0       0xc0 _build/nrfx_uart.o
                0x00000000000029f0                nrfx_uart_uninit
 .text.nrfx_uart_tx_in_progress
                0x0000000000002ab0       0x18 _build/nrfx_uart.o
                0x0000000000002ab0                nrfx_uart_tx_in_progress
 .text.nrfx_uart_tx
                0x0000000000002ac8       0xe0 _build/nrfx_uart.o
                0x0000000000002ac8                nrfx_uart_tx
 .text.nrfx_uart_rx
                0x0000000000002ba8      0x134 _build/nrfx_uart.o
                0x0000000000002ba8                nrfx_uart_rx
 .text.nrf_uarte_event_clear
                0x0000000000002cdc       0x10 _build/nrfx_uarte.o
 .text.rx_done_event
                0x0000000000002cec       0x1a _build/nrfx_uarte.o
 *fill*         0x0000000000002d06        0x2 
 .text.nrf_gpio_pin_port_decode
                0x0000000000002d08       0x30 _build/nrfx_uarte.o
 .text.nrf_gpio_cfg_default
                0x0000000000002d38       0x1c _build/nrfx_uarte.o
 .text.uarte_irq_handler
                0x0000000000002d54      0x10a _build/nrfx_uarte.o
 *fill*         0x0000000000002e5e        0x2 
 .text.nrfx_uarte_0_irq_handler
                0x0000000000002e60       0x10 _build/nrfx_uarte.o
                0x0000000000002e60                nrfx_uarte_0_irq_handler
 .text.UARTE1_IRQHandler
                0x0000000000002e70       0x10 _build/nrfx_uarte.o
                0x0000000000002e70                UARTE1_IRQHandler
 .text.nrfx_uarte_init
                0x0000000000002e80      0x1fc _build/nrfx_uarte.o
                0x0000000000002e80                nrfx_uarte_init
 .text.nrfx_uarte_uninit
                0x000000000000307c       0xec _build/nrfx_uarte.o
                0x000000000000307c                nrfx_uarte_uninit
 .text.nrfx_uarte_tx_in_progress
                0x0000000000003168       0x18 _build/nrfx_uarte.o
                0x0000000000003168                nrfx_uarte_tx_in_progress
 .text.nrfx_uarte_tx
                0x0000000000003180       0xf8 _build/nrfx_uarte.o
                0x0000000000003180                nrfx_uarte_tx
 .text.nrfx_uarte_rx
                0x0000000000003278      0x134 _build/nrfx_uarte.o
                0x0000000000003278                nrfx_uarte_rx
 .text.__NVIC_SystemReset
                0x00000000000033ac       0x24 _build/system_nrf52833.o
 .text.errata_36
                0x00000000000033d0       0x1a _build/system_nrf52833.o
 *fill*         0x00000000000033ea        0x2 
 .text.SystemInit
                0x00000000000033ec      0x19c _build/system_nrf52833.o
                0x00000000000033ec                SystemInit
 .text          0x0000000000003588       0x3c _build/gcc_startup_nrf52833.os
                0x0000000000003588                Reset_Handler
                0x00000000000035b0                NMI_Handler
                0x00000000000035b4                MemoryManagement_Handler
                0x00000000000035b6                BusFault_Handler
                0x00000000000035b8                UsageFault_Handler
                0x00000000000035ba                SVC_Handler
                0x00000000000035bc                DebugMon_Handler
                0x00000000000035be                PendSV_Handler
                0x00000000000035c0                SysTick_Handler
                0x00000000000035c2                FPU_IRQHandler
                0x00000000000035c2                USBD_IRQHandler
                0x00000000000035c2                TIMER4_IRQHandler
                0x00000000000035c2                I2S_IRQHandler
                0x00000000000035c2                SWI4_EGU4_IRQHandler
                0x00000000000035c2                SPIM3_IRQHandler
                0x00000000000035c2                PWM2_IRQHandler
                0x00000000000035c2                ECB_IRQHandler
                0x00000000000035c2                Default_Handler
                0x00000000000035c2                CCM_AAR_IRQHandler
                0x00000000000035c2                WDT_IRQHandler
                0x00000000000035c2                SWI5_EGU5_IRQHandler
                0x00000000000035c2                RNG_IRQHandler
                0x00000000000035c2                RTC2_IRQHandler
                0x00000000000035c2                SWI3_EGU3_IRQHandler
                0x00000000000035c2                SWI1_EGU1_IRQHandler
                0x00000000000035c2                NFCT_IRQHandler
                0x00000000000035c2                MWU_IRQHandler
                0x00000000000035c2                TIMER2_IRQHandler
                0x00000000000035c2                COMP_LPCOMP_IRQHandler
                0x00000000000035c2                RTC0_IRQHandler
                0x00000000000035c2                SWI2_EGU2_IRQHandler
                0x00000000000035c2                RADIO_IRQHandler
                0x00000000000035c2                PDM_IRQHandler
                0x00000000000035c2                TEMP_IRQHandler
                0x00000000000035c2                QDEC_IRQHandler
                0x00000000000035c2                TIMER3_IRQHandler
                0x00000000000035c2                PWM3_IRQHandler
 .text.exit     0x00000000000035c4       0x20 /opt/homebrew/Cellar/arm-none-eabi-gcc/10.3-2021.10/gcc/bin/../lib/gcc/arm-none-eabi/10.3.1/../../../../arm-none-eabi/lib/thumb/v7e-m+fp/hard/libc.a(lib_a-exit.o)
                0x00000000000035c4                exit
 .text.__libc_init_array
                0x00000000000035e4       0x48 /opt/homebrew/Cellar/arm-none-eabi-gcc/10.3-2021.10/gcc/bin/../lib/gcc/arm-none-eabi/10.3.1/../../../../arm-none-eabi/lib/thumb/v7e-m+fp/hard/libc.a(lib_a-init.o)
                0x00000000000035e4                __libc_init_array
 .text          0x000000000000362c      0x134 /opt/homebrew/Cellar/arm-none-eabi-gcc/10.3-2021.10/gcc/bin/../lib/gcc/arm-none-eabi/10.3.1/../../../../arm-none-eabi/lib/thumb/v7e-m+fp/hard/libc.a(lib_a-memcpy.o)
                0x000000000000362c                memcpy
 .text.memset   0x0000000000003760       0xa4 /opt/homebrew/Cellar/arm-none-eabi-gcc/10.3-2021.10/gcc/bin/../lib/gcc/arm-none-eabi/10.3.1/../../../../arm-none-eabi/lib/thumb/v7e-m+fp/hard/libc.a(lib_a-memset.o)
                0x0000000000003760                memset
 .text.printf   0x0000000000003804       0x28 /opt/homebrew/Cellar/arm-none-eabi-gcc/10.3-2021.10/gcc/bin/../lib/gcc/arm-none-eabi/10.3.1/../../../../arm-none-eabi/lib/thumb/v7e-m+fp/hard/libc.a(lib_a-printf.o)
                0x0000000000003804                printf
 .text.setbuf   0x000000000000382c       0x10 /opt/homebrew/Cellar/arm-none-eabi-gcc/10.3-2021.10/gcc/bin/../lib/gcc/arm-none-eabi/10.3.1/../../../../arm-none-eabi/lib/thumb/v7e-m+fp/hard/libc.a(lib_a-setbuf.o)
                0x000000000000382c                setbuf
 .text.setvbuf  0x000000000000383c      0x1b0 /opt/homebrew/Cellar/arm-none-eabi-gcc/10.3-2021.10/gcc/bin/../lib/gcc/arm-none-eabi/10.3.1/../../../../arm-none-eabi/lib/thumb/v7e-m+fp/hard/libc.a(lib_a-setvbuf.o)
                0x000000000000383c                setvbuf
 *fill*         0x00000000000039ec       0x14 
 .text          0x0000000000003a00       0xdc /opt/homebrew/Cellar/arm-none-eabi-gcc/10.3-2021.10/gcc/bin/../lib/gcc/arm-none-eabi/10.3.1/../../../../arm-none-eabi/lib/thumb/v7e-m+fp/hard/libc.a(lib_a-strlen.o)
                0x0000000000003a00                strlen
 *fill*         0x0000000000003adc        0x4 
 .text._vfprintf_r
                0x0000000000003ae0     0x1b90 /opt/homebrew/Cellar/arm-none-eabi-gcc/10.3-2021.10/gcc/bin/../lib/gcc/arm-none-eabi/10.3.1/../../../../arm-none-eabi/lib/thumb/v7e-m+fp/hard/libc.a(lib_a-vfprintf.o)
                0x0000000000003ae0                _vfprintf_r
 .text.__sbprintf
                0x0000000000005670       0x80 /opt/homebrew/Cellar/arm-none-eabi-gcc/10.3-2021.10/gcc/bin/../lib/gcc/arm-none-eabi/10.3.1/../../../../arm-none-eabi/lib/thumb/v7e-m+fp/hard/libc.a(lib_a-vfprintf.o)
 .text.__swsetup_r
                0x00000000000056f0       0xd4 /opt/homebrew/Cellar/arm-none-eabi-gcc/10.3-2021.10/gcc/bin/../lib/gcc/arm-none-eabi/10.3.1/../../../../arm-none-eabi/lib/thumb/v7e-m+fp/hard/libc.a(lib_a-wsetup.o)
                0x00000000000056f0                __swsetup_r
 .text.startup.register_fini
                0x00000000000057c4       0x14 /opt/homebrew/Cellar/arm-none-eabi-gcc/10.3-2021.10/gcc/bin/../lib/gcc/arm-none-eabi/10.3.1/../../../../arm-none-eabi/lib/thumb/v7e-m+fp/hard/libc.a(lib_a-__call_atexit.o)
 .text.__call_exitprocs
                0x00000000000057d8       0xcc /opt/homebrew/Cellar/arm-none-eabi-gcc/10.3-2021.10/gcc/bin/../lib/gcc/arm-none-eabi/10.3.1/../../../../arm-none-eabi/lib/thumb/v7e-m+fp/hard/libc.a(lib_a-__call_atexit.o)
                0x00000000000057d8                __call_exitprocs
 .text.atexit   0x00000000000058a4        0xc /opt/homebrew/Cellar/arm-none-eabi-gcc/10.3-2021.10/gcc/bin/../lib/gcc/arm-none-eabi/10.3.1/../../../../arm-none-eabi/lib/thumb/v7e-m+fp/hard/libc.a(lib_a-atexit.o)
                0x00000000000058a4                atexit
 .text.quorem   0x00000000000058b0      0x128 /opt/homebrew/Cellar/arm-none-eabi-gcc/10.3-2021.10/gcc/bin/../lib/gcc/arm-none-eabi/10.3.1/../../../../arm-none-eabi/lib/thumb/v7e-m+fp/hard/libc.a(lib_a-dtoa.o)
 .text._dtoa_r  0x00000000000059d8      0xf3c /opt/homebrew/Cellar/arm-none-eabi-gcc/10.3-2021.10/gcc/bin/../lib/gcc/arm-none-eabi/10.3.1/../../../../arm-none-eabi/lib/thumb/v7e-m+fp/hard/libc.a(lib_a-dtoa.o)
                0x00000000000059d8                _dtoa_r
 .text.__sflush_r
                0x0000000000006914      0x130 /opt/homebrew/Cellar/arm-none-eabi-gcc/10.3-2021.10/gcc/bin/../lib/gcc/arm-none-eabi/10.3.1/../../../../arm-none-eabi/lib/thumb/v7e-m+fp/hard/libc.a(lib_a-fflush.o)
                0x0000000000006914                __sflush_r
 .text._fflush_r
                0x0000000000006a44       0x5c /opt/homebrew/Cellar/arm-none-eabi-gcc/10.3-2021.10/gcc/bin/../lib/gcc/arm-none-eabi/10.3.1/../../../../arm-none-eabi/lib/thumb/v7e-m+fp/hard/libc.a(lib_a-fflush.o)
                0x0000000000006a44                _fflush_r
 .text._cleanup_r
                0x0000000000006aa0        0xc /opt/homebrew/Cellar/arm-none-eabi-gcc/10.3-2021.10/gcc/bin/../lib/gcc/arm-none-eabi/10.3.1/../../../../arm-none-eabi/lib/thumb/v7e-m+fp/hard/libc.a(lib_a-findfp.o)
                0x0000000000006aa0                _cleanup_r
 .text.__sinit  0x0000000000006aac      0x10c /opt/homebrew/Cellar/arm-none-eabi-gcc/10.3-2021.10/gcc/bin/../lib/gcc/arm-none-eabi/10.3.1/../../../../arm-none-eabi/lib/thumb/v7e-m+fp/hard/libc.a(lib_a-findfp.o)
                0x0000000000006aac                __sinit
 .text.__sfp_lock_acquire
                0x0000000000006bb8        0xc /opt/homebrew/Cellar/arm-none-eabi-gcc/10.3-2021.10/gcc/bin/../lib/gcc/arm-none-eabi/10.3.1/../../../../arm-none-eabi/lib/thumb/v7e-m+fp/hard/libc.a(lib_a-findfp.o)
                0x0000000000006bb8                __sfp_lock_acquire
 .text.__sfp_lock_release
                0x0000000000006bc4        0xc /opt/homebrew/Cellar/arm-none-eabi-gcc/10.3-2021.10/gcc/bin/../lib/gcc/arm-none-eabi/10.3.1/../../../../arm-none-eabi/lib/thumb/v7e-m+fp/hard/libc.a(lib_a-findfp.o)
                0x0000000000006bc4                __sfp_lock_release
 .text.__libc_fini_array
                0x0000000000006bd0       0x2c /opt/homebrew/Cellar/arm-none-eabi-gcc/10.3-2021.10/gcc/bin/../lib/gcc/arm-none-eabi/10.3.1/../../../../arm-none-eabi/lib/thumb/v7e-m+fp/hard/libc.a(lib_a-fini.o)
                0x0000000000006bd0                __libc_fini_array
 .text._malloc_trim_r
                0x0000000000006bfc       0xa0 /opt/homebrew/Cellar/arm-none-eabi-gcc/10.3-2021.10/gcc/bin/../lib/gcc/arm-none-eabi/10.3.1/../../../../arm-none-eabi/lib/thumb/v7e-m+fp/hard/libc.a(lib_a-freer.o)
                0x0000000000006bfc                _malloc_trim_r
 .text._free_r  0x0000000000006c9c      0x20c /opt/homebrew/Cellar/arm-none-eabi-gcc/10.3-2021.10/gcc/bin/../lib/gcc/arm-none-eabi/10.3.1/../../../../arm-none-eabi/lib/thumb/v7e-m+fp/hard/libc.a(lib_a-freer.o)
                0x0000000000006c9c                _free_r
 .text._fwalk_reent
                0x0000000000006ea8       0x48 /opt/homebrew/Cellar/arm-none-eabi-gcc/10.3-2021.10/gcc/bin/../lib/gcc/arm-none-eabi/10.3.1/../../../../arm-none-eabi/lib/thumb/v7e-m+fp/hard/libc.a(lib_a-fwalk.o)
                0x0000000000006ea8                _fwalk_reent
 .text._localeconv_r
                0x0000000000006ef0        0x8 /opt/homebrew/Cellar/arm-none-eabi-gcc/10.3-2021.10/gcc/bin/../lib/gcc/arm-none-eabi/10.3.1/../../../../arm-none-eabi/lib/thumb/v7e-m+fp/hard/libc.a(lib_a-localeconv.o)
                0x0000000000006ef0                _localeconv_r
 .text.__retarget_lock_init_recursive
                0x0000000000006ef8        0x4 /opt/homebrew/Cellar/arm-none-eabi-gcc/10.3-2021.10/gcc/bin/../lib/gcc/arm-none-eabi/10.3.1/../../../../arm-none-eabi/lib/thumb/v7e-m+fp/hard/libc.a(lib_a-lock.o)
                0x0000000000006ef8                __retarget_lock_init_recursive
 .text.__retarget_lock_close_recursive
                0x0000000000006efc        0x4 /opt/homebrew/Cellar/arm-none-eabi-gcc/10.3-2021.10/gcc/bin/../lib/gcc/arm-none-eabi/10.3.1/../../../../arm-none-eabi/lib/thumb/v7e-m+fp/hard/libc.a(lib_a-lock.o)
                0x0000000000006efc                __retarget_lock_close_recursive
 .text.__retarget_lock_acquire_recursive
                0x0000000000006f00        0x4 /opt/homebrew/Cellar/arm-none-eabi-gcc/10.3-2021.10/gcc/bin/../lib/gcc/arm-none-eabi/10.3.1/../../../../arm-none-eabi/lib/thumb/v7e-m+fp/hard/libc.a(lib_a-lock.o)
                0x0000000000006f00                __retarget_lock_acquire_recursive
 .text.__retarget_lock_release_recursive
                0x0000000000006f04        0x4 /opt/homebrew/Cellar/arm-none-eabi-gcc/10.3-2021.10/gcc/bin/../lib/gcc/arm-none-eabi/10.3.1/../../../../arm-none-eabi/lib/thumb/v7e-m+fp/hard/libc.a(lib_a-lock.o)
                0x0000000000006f04                __retarget_lock_release_recursive
 .text.__smakebuf_r
                0x0000000000006f08       0xe0 /opt/homebrew/Cellar/arm-none-eabi-gcc/10.3-2021.10/gcc/bin/../lib/gcc/arm-none-eabi/10.3.1/../../../../arm-none-eabi/lib/thumb/v7e-m+fp/hard/libc.a(lib_a-makebuf.o)
                0x0000000000006f08                __smakebuf_r
 .text.__swhatbuf_r
                0x0000000000006fe8       0x60 /opt/homebrew/Cellar/arm-none-eabi-gcc/10.3-2021.10/gcc/bin/../lib/gcc/arm-none-eabi/10.3.1/../../../../arm-none-eabi/lib/thumb/v7e-m+fp/hard/libc.a(lib_a-makebuf.o)
                0x0000000000006fe8                __swhatbuf_r
 .text.malloc   0x0000000000007048       0x10 /opt/homebrew/Cellar/arm-none-eabi-gcc/10.3-2021.10/gcc/bin/../lib/gcc/arm-none-eabi/10.3.1/../../../../arm-none-eabi/lib/thumb/v7e-m+fp/hard/libc.a(lib_a-malloc.o)
                0x0000000000007048                malloc
 .text._malloc_r
                0x0000000000007058      0x560 /opt/homebrew/Cellar/arm-none-eabi-gcc/10.3-2021.10/gcc/bin/../lib/gcc/arm-none-eabi/10.3.1/../../../../arm-none-eabi/lib/thumb/v7e-m+fp/hard/libc.a(lib_a-mallocr.o)
                0x0000000000007058                _malloc_r
 *fill*         0x00000000000075b8        0x8 
 .text          0x00000000000075c0       0xa0 /opt/homebrew/Cellar/arm-none-eabi-gcc/10.3-2021.10/gcc/bin/../lib/gcc/arm-none-eabi/10.3.1/../../../../arm-none-eabi/lib/thumb/v7e-m+fp/hard/libc.a(lib_a-memchr.o)
                0x00000000000075c0                memchr
 .text.__malloc_lock
                0x0000000000007660        0xc /opt/homebrew/Cellar/arm-none-eabi-gcc/10.3-2021.10/gcc/bin/../lib/gcc/arm-none-eabi/10.3.1/../../../../arm-none-eabi/lib/thumb/v7e-m+fp/hard/libc.a(lib_a-mlock.o)
                0x0000000000007660                __malloc_lock
 .text.__malloc_unlock
                0x000000000000766c        0xc /opt/homebrew/Cellar/arm-none-eabi-gcc/10.3-2021.10/gcc/bin/../lib/gcc/arm-none-eabi/10.3.1/../../../../arm-none-eabi/lib/thumb/v7e-m+fp/hard/libc.a(lib_a-mlock.o)
                0x000000000000766c                __malloc_unlock
 .text._Balloc  0x0000000000007678       0x4c /opt/homebrew/Cellar/arm-none-eabi-gcc/10.3-2021.10/gcc/bin/../lib/gcc/arm-none-eabi/10.3.1/../../../../arm-none-eabi/lib/thumb/v7e-m+fp/hard/libc.a(lib_a-mprec.o)
                0x0000000000007678                _Balloc
 .text._Bfree   0x00000000000076c4       0x14 /opt/homebrew/Cellar/arm-none-eabi-gcc/10.3-2021.10/gcc/bin/../lib/gcc/arm-none-eabi/10.3.1/../../../../arm-none-eabi/lib/thumb/v7e-m+fp/hard/libc.a(lib_a-mprec.o)
                0x00000000000076c4                _Bfree
 .text.__multadd
                0x00000000000076d8       0xa8 /opt/homebrew/Cellar/arm-none-eabi-gcc/10.3-2021.10/gcc/bin/../lib/gcc/arm-none-eabi/10.3.1/../../../../arm-none-eabi/lib/thumb/v7e-m+fp/hard/libc.a(lib_a-mprec.o)
                0x00000000000076d8                __multadd
 .text.__hi0bits
                0x0000000000007780       0x40 /opt/homebrew/Cellar/arm-none-eabi-gcc/10.3-2021.10/gcc/bin/../lib/gcc/arm-none-eabi/10.3.1/../../../../arm-none-eabi/lib/thumb/v7e-m+fp/hard/libc.a(lib_a-mprec.o)
                0x0000000000007780                __hi0bits
 .text.__lo0bits
                0x00000000000077c0       0x60 /opt/homebrew/Cellar/arm-none-eabi-gcc/10.3-2021.10/gcc/bin/../lib/gcc/arm-none-eabi/10.3.1/../../../../arm-none-eabi/lib/thumb/v7e-m+fp/hard/libc.a(lib_a-mprec.o)
                0x00000000000077c0                __lo0bits
 .text.__i2b    0x0000000000007820       0x5c /opt/homebrew/Cellar/arm-none-eabi-gcc/10.3-2021.10/gcc/bin/../lib/gcc/arm-none-eabi/10.3.1/../../../../arm-none-eabi/lib/thumb/v7e-m+fp/hard/libc.a(lib_a-mprec.o)
                0x0000000000007820                __i2b
 .text.__multiply
                0x000000000000787c      0x15c /opt/homebrew/Cellar/arm-none-eabi-gcc/10.3-2021.10/gcc/bin/../lib/gcc/arm-none-eabi/10.3.1/../../../../arm-none-eabi/lib/thumb/v7e-m+fp/hard/libc.a(lib_a-mprec.o)
                0x000000000000787c                __multiply
 .text.__pow5mult
                0x00000000000079d8       0xc0 /opt/homebrew/Cellar/arm-none-eabi-gcc/10.3-2021.10/gcc/bin/../lib/gcc/arm-none-eabi/10.3.1/../../../../arm-none-eabi/lib/thumb/v7e-m+fp/hard/libc.a(lib_a-mprec.o)
                0x00000000000079d8                __pow5mult
 .text.__lshift
                0x0000000000007a98       0xf0 /opt/homebrew/Cellar/arm-none-eabi-gcc/10.3-2021.10/gcc/bin/../lib/gcc/arm-none-eabi/10.3.1/../../../../arm-none-eabi/lib/thumb/v7e-m+fp/hard/libc.a(lib_a-mprec.o)
                0x0000000000007a98                __lshift
 .text.__mcmp   0x0000000000007b88       0x44 /opt/homebrew/Cellar/arm-none-eabi-gcc/10.3-2021.10/gcc/bin/../lib/gcc/arm-none-eabi/10.3.1/../../../../arm-none-eabi/lib/thumb/v7e-m+fp/hard/libc.a(lib_a-mprec.o)
                0x0000000000007b88                __mcmp
 .text.__mdiff  0x0000000000007bcc      0x14c /opt/homebrew/Cellar/arm-none-eabi-gcc/10.3-2021.10/gcc/bin/../lib/gcc/arm-none-eabi/10.3.1/../../../../arm-none-eabi/lib/thumb/v7e-m+fp/hard/libc.a(lib_a-mprec.o)
                0x0000000000007bcc                __mdiff
 .text.__d2b    0x0000000000007d18       0xd0 /opt/homebrew/Cellar/arm-none-eabi-gcc/10.3-2021.10/gcc/bin/../lib/gcc/arm-none-eabi/10.3.1/../../../../arm-none-eabi/lib/thumb/v7e-m+fp/hard/libc.a(lib_a-mprec.o)
                0x0000000000007d18                __d2b
 .text.frexp    0x0000000000007de8       0x6c /opt/homebrew/Cellar/arm-none-eabi-gcc/10.3-2021.10/gcc/bin/../lib/gcc/arm-none-eabi/10.3.1/../../../../arm-none-eabi/lib/thumb/v7e-m+fp/hard/libc.a(lib_a-s_frexp.o)
                0x0000000000007de8                frexp
 .text._sbrk_r  0x0000000000007e54       0x24 /opt/homebrew/Cellar/arm-none-eabi-gcc/10.3-2021.10/gcc/bin/../lib/gcc/arm-none-eabi/10.3.1/../../../../arm-none-eabi/lib/thumb/v7e-m+fp/hard/libc.a(lib_a-sbrkr.o)
                0x0000000000007e54                _sbrk_r
 .text.__sread  0x0000000000007e78       0x24 /opt/homebrew/Cellar/arm-none-eabi-gcc/10.3-2021.10/gcc/bin/../lib/gcc/arm-none-eabi/10.3.1/../../../../arm-none-eabi/lib/thumb/v7e-m+fp/hard/libc.a(lib_a-stdio.o)
                0x0000000000007e78                __sread
 .text.__swrite
                0x0000000000007e9c       0x40 /opt/homebrew/Cellar/arm-none-eabi-gcc/10.3-2021.10/gcc/bin/../lib/gcc/arm-none-eabi/10.3.1/../../../../arm-none-eabi/lib/thumb/v7e-m+fp/hard/libc.a(lib_a-stdio.o)
                0x0000000000007e9c                __swrite
 .text.__sseek  0x0000000000007edc       0x20 /opt/homebrew/Cellar/arm-none-eabi-gcc/10.3-2021.10/gcc/bin/../lib/gcc/arm-none-eabi/10.3.1/../../../../arm-none-eabi/lib/thumb/v7e-m+fp/hard/libc.a(lib_a-stdio.o)
                0x0000000000007edc                __sseek
 .text.__sclose
                0x0000000000007efc        0x8 /opt/homebrew/Cellar/arm-none-eabi-gcc/10.3-2021.10/gcc/bin/../lib/gcc/arm-none-eabi/10.3.1/../../../../arm-none-eabi/lib/thumb/v7e-m+fp/hard/libc.a(lib_a-stdio.o)
                0x0000000000007efc                __sclose
 .text.strncpy  0x0000000000007f04       0x64 /opt/homebrew/Cellar/arm-none-eabi-gcc/10.3-2021.10/gcc/bin/../lib/gcc/arm-none-eabi/10.3.1/../../../../arm-none-eabi/lib/thumb/v7e-m+fp/hard/libc.a(lib_a-strncpy.o)
                0x0000000000007f04                strncpy
 .text.__sprint_r.part.0
                0x0000000000007f68       0x78 /opt/homebrew/Cellar/arm-none-eabi-gcc/10.3-2021.10/gcc/bin/../lib/gcc/arm-none-eabi/10.3.1/../../../../arm-none-eabi/lib/thumb/v7e-m+fp/hard/libc.a(lib_a-vfiprintf.o)
 .text.__sprint_r
                0x0000000000007fe0       0x18 /opt/homebrew/Cellar/arm-none-eabi-gcc/10.3-2021.10/gcc/bin/../lib/gcc/arm-none-eabi/10.3.1/../../../../arm-none-eabi/lib/thumb/v7e-m+fp/hard/libc.a(lib_a-vfiprintf.o)
                0x0000000000007fe0                __sprint_r
 .text._vfiprintf_r
                0x0000000000007ff8      0xdfc /opt/homebrew/Cellar/arm-none-eabi-gcc/10.3-2021.10/gcc/bin/../lib/gcc/arm-none-eabi/10.3.1/../../../../arm-none-eabi/lib/thumb/v7e-m+fp/hard/libc.a(lib_a-vfiprintf.o)
                0x0000000000007ff8                _vfiprintf_r
 .text.__sbprintf
                0x0000000000008df4       0x80 /opt/homebrew/Cellar/arm-none-eabi-gcc/10.3-2021.10/gcc/bin/../lib/gcc/arm-none-eabi/10.3.1/../../../../arm-none-eabi/lib/thumb/v7e-m+fp/hard/libc.a(lib_a-vfiprintf.o)
 .text._write_r
                0x0000000000008e74       0x2c /opt/homebrew/Cellar/arm-none-eabi-gcc/10.3-2021.10/gcc/bin/../lib/gcc/arm-none-eabi/10.3.1/../../../../arm-none-eabi/lib/thumb/v7e-m+fp/hard/libc.a(lib_a-writer.o)
                0x0000000000008e74                _write_r
 .text.__register_exitproc
                0x0000000000008ea0       0x8c /opt/homebrew/Cellar/arm-none-eabi-gcc/10.3-2021.10/gcc/bin/../lib/gcc/arm-none-eabi/10.3.1/../../../../arm-none-eabi/lib/thumb/v7e-m+fp/hard/libc.a(lib_a-__atexit.o)
                0x0000000000008ea0                __register_exitproc
 .text.__assert_func
                0x0000000000008f2c       0x40 /opt/homebrew/Cellar/arm-none-eabi-gcc/10.3-2021.10/gcc/bin/../lib/gcc/arm-none-eabi/10.3.1/../../../../arm-none-eabi/lib/thumb/v7e-m+fp/hard/libc.a(lib_a-assert.o)
                0x0000000000008f2c                __assert_func
 .text._calloc_r
                0x0000000000008f6c       0x78 /opt/homebrew/Cellar/arm-none-eabi-gcc/10.3-2021.10/gcc/bin/../lib/gcc/arm-none-eabi/10.3.1/../../../../arm-none-eabi/lib/thumb/v7e-m+fp/hard/libc.a(lib_a-callocr.o)
                0x0000000000008f6c                _calloc_r
 .text._close_r
                0x0000000000008fe4       0x24 /opt/homebrew/Cellar/arm-none-eabi-gcc/10.3-2021.10/gcc/bin/../lib/gcc/arm-none-eabi/10.3.1/../../../../arm-none-eabi/lib/thumb/v7e-m+fp/hard/libc.a(lib_a-closer.o)
                0x0000000000008fe4                _close_r
 .text.__errno  0x0000000000009008        0xc /opt/homebrew/Cellar/arm-none-eabi-gcc/10.3-2021.10/gcc/bin/../lib/gcc/arm-none-eabi/10.3.1/../../../../arm-none-eabi/lib/thumb/v7e-m+fp/hard/libc.a(lib_a-errno.o)
                0x0000000000009008                __errno
 .text._fclose_r
                0x0000000000009014       0xcc /opt/homebrew/Cellar/arm-none-eabi-gcc/10.3-2021.10/gcc/bin/../lib/gcc/arm-none-eabi/10.3.1/../../../../arm-none-eabi/lib/thumb/v7e-m+fp/hard/libc.a(lib_a-fclose.o)
                0x0000000000009014                _fclose_r
 .text.fiprintf
                0x00000000000090e0       0x28 /opt/homebrew/Cellar/arm-none-eabi-gcc/10.3-2021.10/gcc/bin/../lib/gcc/arm-none-eabi/10.3.1/../../../../arm-none-eabi/lib/thumb/v7e-m+fp/hard/libc.a(lib_a-fiprintf.o)
                0x00000000000090e0                fiprintf
 .text.__fputwc
                0x0000000000009108       0xa8 /opt/homebrew/Cellar/arm-none-eabi-gcc/10.3-2021.10/gcc/bin/../lib/gcc/arm-none-eabi/10.3.1/../../../../arm-none-eabi/lib/thumb/v7e-m+fp/hard/libc.a(lib_a-fputwc.o)
                0x0000000000009108                __fputwc
 .text._fputwc_r
                0x00000000000091b0       0x68 /opt/homebrew/Cellar/arm-none-eabi-gcc/10.3-2021.10/gcc/bin/../lib/gcc/arm-none-eabi/10.3.1/../../../../arm-none-eabi/lib/thumb/v7e-m+fp/hard/libc.a(lib_a-fputwc.o)
                0x00000000000091b0                _fputwc_r
 .text._fstat_r
                0x0000000000009218       0x2c /opt/homebrew/Cellar/arm-none-eabi-gcc/10.3-2021.10/gcc/bin/../lib/gcc/arm-none-eabi/10.3.1/../../../../arm-none-eabi/lib/thumb/v7e-m+fp/hard/libc.a(lib_a-fstatr.o)
                0x0000000000009218                _fstat_r
 .text.__sfvwrite_r
                0x0000000000009244      0x2f0 /opt/homebrew/Cellar/arm-none-eabi-gcc/10.3-2021.10/gcc/bin/../lib/gcc/arm-none-eabi/10.3.1/../../../../arm-none-eabi/lib/thumb/v7e-m+fp/hard/libc.a(lib_a-fvwrite.o)
                0x0000000000009244                __sfvwrite_r
 .text._isatty_r
                0x0000000000009534       0x24 /opt/homebrew/Cellar/arm-none-eabi-gcc/10.3-2021.10/gcc/bin/../lib/gcc/arm-none-eabi/10.3.1/../../../../arm-none-eabi/lib/thumb/v7e-m+fp/hard/libc.a(lib_a-isattyr.o)
                0x0000000000009534                _isatty_r
 .text.__locale_mb_cur_max
                0x0000000000009558        0xc /opt/homebrew/Cellar/arm-none-eabi-gcc/10.3-2021.10/gcc/bin/../lib/gcc/arm-none-eabi/10.3.1/../../../../arm-none-eabi/lib/thumb/v7e-m+fp/hard/libc.a(lib_a-locale.o)
                0x0000000000009558                __locale_mb_cur_max
 .text._lseek_r
                0x0000000000009564       0x2c /opt/homebrew/Cellar/arm-none-eabi-gcc/10.3-2021.10/gcc/bin/../lib/gcc/arm-none-eabi/10.3.1/../../../../arm-none-eabi/lib/thumb/v7e-m+fp/hard/libc.a(lib_a-lseekr.o)
                0x0000000000009564                _lseek_r
 .text.__ascii_mbtowc
                0x0000000000009590       0x2c /opt/homebrew/Cellar/arm-none-eabi-gcc/10.3-2021.10/gcc/bin/../lib/gcc/arm-none-eabi/10.3.1/../../../../arm-none-eabi/lib/thumb/v7e-m+fp/hard/libc.a(lib_a-mbtowc_r.o)
                0x0000000000009590                __ascii_mbtowc
 .text.memmove  0x00000000000095bc       0xf8 /opt/homebrew/Cellar/arm-none-eabi-gcc/10.3-2021.10/gcc/bin/../lib/gcc/arm-none-eabi/10.3.1/../../../../arm-none-eabi/lib/thumb/v7e-m+fp/hard/libc.a(lib_a-memmove.o)
                0x00000000000095bc                memmove
 .text._read_r  0x00000000000096b4       0x2c /opt/homebrew/Cellar/arm-none-eabi-gcc/10.3-2021.10/gcc/bin/../lib/gcc/arm-none-eabi/10.3.1/../../../../arm-none-eabi/lib/thumb/v7e-m+fp/hard/libc.a(lib_a-readr.o)
                0x00000000000096b4                _read_r
 .text._realloc_r
                0x00000000000096e0      0x3d8 /opt/homebrew/Cellar/arm-none-eabi-gcc/10.3-2021.10/gcc/bin/../lib/gcc/arm-none-eabi/10.3.1/../../../../arm-none-eabi/lib/thumb/v7e-m+fp/hard/libc.a(lib_a-reallocr.o)
                0x00000000000096e0                _realloc_r
 .text.__swbuf_r
                0x0000000000009ab8       0xb0 /opt/homebrew/Cellar/arm-none-eabi-gcc/10.3-2021.10/gcc/bin/../lib/gcc/arm-none-eabi/10.3.1/../../../../arm-none-eabi/lib/thumb/v7e-m+fp/hard/libc.a(lib_a-wbuf.o)
                0x0000000000009ab8                __swbuf_r
 .text._wcrtomb_r
                0x0000000000009b68       0x3c /opt/homebrew/Cellar/arm-none-eabi-gcc/10.3-2021.10/gcc/bin/../lib/gcc/arm-none-eabi/10.3.1/../../../../arm-none-eabi/lib/thumb/v7e-m+fp/hard/libc.a(lib_a-wcrtomb.o)
                0x0000000000009b68                _wcrtomb_r
 .text.__ascii_wctomb
                0x0000000000009ba4       0x1c /opt/homebrew/Cellar/arm-none-eabi-gcc/10.3-2021.10/gcc/bin/../lib/gcc/arm-none-eabi/10.3.1/../../../../arm-none-eabi/lib/thumb/v7e-m+fp/hard/libc.a(lib_a-wctomb_r.o)
                0x0000000000009ba4                __ascii_wctomb
 .text.abort    0x0000000000009bc0       0x10 /opt/homebrew/Cellar/arm-none-eabi-gcc/10.3-2021.10/gcc/bin/../lib/gcc/arm-none-eabi/10.3.1/../../../../arm-none-eabi/lib/thumb/v7e-m+fp/hard/libc.a(lib_a-abort.o)
                0x0000000000009bc0                abort
 .text.raise    0x0000000000009bd0       0x5c /opt/homebrew/Cellar/arm-none-eabi-gcc/10.3-2021.10/gcc/bin/../lib/gcc/arm-none-eabi/10.3.1/../../../../arm-none-eabi/lib/thumb/v7e-m+fp/hard/libc.a(lib_a-signal.o)
                0x0000000000009bd0                raise
 .text._kill_r  0x0000000000009c2c       0x2c /opt/homebrew/Cellar/arm-none-eabi-gcc/10.3-2021.10/gcc/bin/../lib/gcc/arm-none-eabi/10.3.1/../../../../arm-none-eabi/lib/thumb/v7e-m+fp/hard/libc.a(lib_a-signalr.o)
                0x0000000000009c2c                _kill_r
 .text._getpid_r
                0x0000000000009c58        0x4 /opt/homebrew/Cellar/arm-none-eabi-gcc/10.3-2021.10/gcc/bin/../lib/gcc/arm-none-eabi/10.3.1/../../../../arm-none-eabi/lib/thumb/v7e-m+fp/hard/libc.a(lib_a-signalr.o)
                0x0000000000009c58                _getpid_r
 .text._sbrk    0x0000000000009c5c       0x1c /opt/homebrew/Cellar/arm-none-eabi-gcc/10.3-2021.10/gcc/bin/../lib/gcc/arm-none-eabi/10.3.1/../../../../arm-none-eabi/lib/thumb/v7e-m+fp/hard/libnosys.a(sbrk.o)
                0x0000000000009c5c                _sbrk
 .text._exit    0x0000000000009c78        0x4 /opt/homebrew/Cellar/arm-none-eabi-gcc/10.3-2021.10/gcc/bin/../lib/gcc/arm-none-eabi/10.3.1/../../../../arm-none-eabi/lib/thumb/v7e-m+fp/hard/libnosys.a(_exit.o)
                0x0000000000009c78                _exit
 .text          0x0000000000009c7c      0x378 /opt/homebrew/Cellar/arm-none-eabi-gcc/10.3-2021.10/gcc/bin/../lib/gcc/arm-none-eabi/10.3.1/thumb/v7e-m+fp/hard/libgcc.a(_arm_addsubdf3.o)
                0x0000000000009c7c                __aeabi_drsub
                0x0000000000009c84                __subdf3
                0x0000000000009c84                __aeabi_dsub
                0x0000000000009c88                __aeabi_dadd
                0x0000000000009c88                __adddf3
                0x0000000000009f00                __aeabi_ui2d
                0x0000000000009f00                __floatunsidf
                0x0000000000009f20                __floatsidf
                0x0000000000009f20                __aeabi_i2d
                0x0000000000009f44                __extendsfdf2
                0x0000000000009f44                __aeabi_f2d
                0x0000000000009f88                __aeabi_ul2d
                0x0000000000009f88                __floatundidf
                0x0000000000009f98                __aeabi_l2d
                0x0000000000009f98                __floatdidf
 .text          0x0000000000009ff4      0x424 /opt/homebrew/Cellar/arm-none-eabi-gcc/10.3-2021.10/gcc/bin/../lib/gcc/arm-none-eabi/10.3.1/thumb/v7e-m+fp/hard/libgcc.a(_arm_muldivdf3.o)
                0x0000000000009ff4                __aeabi_dmul
                0x0000000000009ff4                __muldf3
                0x000000000000a248                __aeabi_ddiv
                0x000000000000a248                __divdf3
 .text          0x000000000000a418      0x110 /opt/homebrew/Cellar/arm-none-eabi-gcc/10.3-2021.10/gcc/bin/../lib/gcc/arm-none-eabi/10.3.1/thumb/v7e-m+fp/hard/libgcc.a(_arm_cmpdf2.o)
                0x000000000000a418                __gedf2
                0x000000000000a418                __gtdf2
                0x000000000000a420                __ledf2
                0x000000000000a420                __ltdf2
                0x000000000000a428                __cmpdf2
                0x000000000000a428                __eqdf2
                0x000000000000a428                __nedf2
                0x000000000000a4a4                __aeabi_cdrcmple
                0x000000000000a4b4                __aeabi_cdcmple
                0x000000000000a4b4                __aeabi_cdcmpeq
                0x000000000000a4c4                __aeabi_dcmpeq
                0x000000000000a4d8                __aeabi_dcmplt
                0x000000000000a4ec                __aeabi_dcmple
                0x000000000000a500                __aeabi_dcmpge
                0x000000000000a514                __aeabi_dcmpgt
 .text          0x000000000000a528       0x2c /opt/homebrew/Cellar/arm-none-eabi-gcc/10.3-2021.10/gcc/bin/../lib/gcc/arm-none-eabi/10.3.1/thumb/v7e-m+fp/hard/libgcc.a(_arm_unorddf2.o)
                0x000000000000a528                __aeabi_dcmpun
                0x000000000000a528                __unorddf2
 .text          0x000000000000a554       0x50 /opt/homebrew/Cellar/arm-none-eabi-gcc/10.3-2021.10/gcc/bin/../lib/gcc/arm-none-eabi/10.3.1/thumb/v7e-m+fp/hard/libgcc.a(_arm_fixdfsi.o)
                0x000000000000a554                __fixdfsi
                0x000000000000a554                __aeabi_d2iz
 .text          0x000000000000a5a4       0x30 /opt/homebrew/Cellar/arm-none-eabi-gcc/10.3-2021.10/gcc/bin/../lib/gcc/arm-none-eabi/10.3.1/thumb/v7e-m+fp/hard/libgcc.a(_aeabi_uldivmod.o)
                0x000000000000a5a4                __aeabi_uldivmod
 .text          0x000000000000a5d4      0x2d0 /opt/homebrew/Cellar/arm-none-eabi-gcc/10.3-2021.10/gcc/bin/../lib/gcc/arm-none-eabi/10.3.1/thumb/v7e-m+fp/hard/libgcc.a(_udivmoddi4.o)
                0x000000000000a5d4                __udivmoddi4
 .text          0x000000000000a8a4        0x4 /opt/homebrew/Cellar/arm-none-eabi-gcc/10.3-2021.10/gcc/bin/../lib/gcc/arm-none-eabi/10.3.1/thumb/v7e-m+fp/hard/libgcc.a(_dvmd_tls.o)
                0x000000000000a8a4                __aeabi_ldiv0
                0x000000000000a8a4                __aeabi_idiv0
 *(.init)
 .init          0x000000000000a8a8        0x4 /opt/homebrew/Cellar/arm-none-eabi-gcc/10.3-2021.10/gcc/bin/../lib/gcc/arm-none-eabi/10.3.1/thumb/v7e-m+fp/hard/crti.o
                0x000000000000a8a8                _init
 .init          0x000000000000a8ac        0x8 /opt/homebrew/Cellar/arm-none-eabi-gcc/10.3-2021.10/gcc/bin/../lib/gcc/arm-none-eabi/10.3.1/thumb/v7e-m+fp/hard/crtn.o
 *(.fini)
 .fini          0x000000000000a8b4        0x4 /opt/homebrew/Cellar/arm-none-eabi-gcc/10.3-2021.10/gcc/bin/../lib/gcc/arm-none-eabi/10.3.1/thumb/v7e-m+fp/hard/crti.o
                0x000000000000a8b4                _fini
 .fini          0x000000000000a8b8        0x8 /opt/homebrew/Cellar/arm-none-eabi-gcc/10.3-2021.10/gcc/bin/../lib/gcc/arm-none-eabi/10.3.1/thumb/v7e-m+fp/hard/crtn.o
 *crtbegin.o(.ctors)
 *crtbegin?.o(.ctors)
 *(EXCLUDE_FILE(*crtend.o *crtend?.o) .ctors)
 *(SORT_BY_NAME(.ctors.*))
 *(.ctors)
 *crtbegin.o(.dtors)
 *crtbegin?.o(.dtors)
 *(EXCLUDE_FILE(*crtend.o *crtend?.o) .dtors)
 *(SORT_BY_NAME(.dtors.*))
 *(.dtors)
 *(.rodata*)
 .rodata.delay_machine_code.0
                0x000000000000a8c0        0x6 _build/main.o
 .rodata.nrf_gpio_pin_port_decode.str1.1
                0x000000000000a8c6       0x43 _build/better_error_handling.o
 .rodata.app_error_fault_handler.str1.1
                0x000000000000a909       0x78 _build/better_error_handling.o
 .rodata.HardFault_c_handler.str1.1
                0x000000000000a981      0x12e _build/better_error_handling.o
 .rodata.str1.1
                0x000000000000aaaf      0x4b6 _build/better_error_handling.o
 .rodata.LED_COLS
                0x000000000000af65        0x5 _build/better_error_handling.o
 .rodata.LED_ROWS
                0x000000000000af6a        0x5 _build/better_error_handling.o
 *fill*         0x000000000000af6f        0x1 
 .rodata.cfsr_msgs.0
                0x000000000000af70       0x68 _build/better_error_handling.o
 *fill*         0x000000000000afd8        0x8 
 .rodata.delay_machine_code.1
                0x000000000000afe0        0x6 _build/better_error_handling.o
 .rodata.called_first.str1.1
                0x000000000000afe6       0x64 _build/microbit_before_startup.o
 *fill*         0x000000000000b04a        0x6 
 .rodata.delay_machine_code.0
                0x000000000000b050        0x6 _build/microbit_before_startup.o
 .rodata.uart_init.constprop.0.str1.1
                0x000000000000b056       0x6a _build/microbit_nrf_log_backend_uart.o
 .rodata        0x000000000000b0c0       0x20 _build/microbit_nrf_log_backend_uart.o
 .rodata.nrf_log_backend_uart_api
                0x000000000000b0e0        0xc _build/microbit_nrf_log_backend_uart.o
                0x000000000000b0e0                nrf_log_backend_uart_api
 *fill*         0x000000000000b0ec        0x4 
 .rodata.delay_machine_code.0
                0x000000000000b0f0        0x6 _build/app_timer.o
 .rodata.app_util_critical_region_enter.str1.1
                0x000000000000b0f6       0x55 _build/app_util_platform.o
 .rodata.nrf_balloc_init.str1.1
                0x000000000000b14b       0x50 _build/nrf_balloc.o
 .rodata.str1.1
                0x000000000000b19b        0x6 _build/nrf_drv_clock.o
 .rodata.nrf_fprintf_buffer_flush.str1.1
                0x000000000000b1a1       0x46 _build/nrf_fprintf.o
 .rodata.nrf_fprintf_fmt.str1.1
                0x000000000000b1e7       0x4d _build/nrf_fprintf_format.o
 .rodata._aV2C.0
                0x000000000000b234       0x10 _build/nrf_fprintf_format.o
 .rodata.nrf_log_default_backends_init.str1.1
                0x000000000000b244       0x5f _build/nrf_log_default_backends.o
 .rodata.str1.1
                0x000000000000b2a3       0x11 _build/nrf_log_default_backends.o
 .rodata.buf_prealloc.str1.1
                0x000000000000b2b4       0x57 _build/nrf_log_frontend.o
 .rodata.nrf_log_frontend_dequeue.str1.1
                0x000000000000b30b       0x11 _build/nrf_log_frontend.o
 .rodata.str1.1
                0x000000000000b31c        0x4 _build/nrf_log_frontend.o
 .rodata.m_log_push_ringbuf
                0x000000000000b320        0xc _build/nrf_log_frontend.o
 .rodata.prefix_process.str1.1
                0x000000000000b32c       0x32 _build/nrf_log_str_formatter.o
 .rodata.postfix_process.str1.1
                0x000000000000b35e       0x32 _build/nrf_log_str_formatter.o
                                          0x3 (size before relaxing)
 .rodata.nrf_log_hexdump_entry_process.str1.1
                0x000000000000b35e        0xf _build/nrf_log_str_formatter.o
                                         0x11 (size before relaxing)
 .rodata.str1.1
                0x000000000000b36d       0x4b _build/nrf_log_str_formatter.o
                                         0x51 (size before relaxing)
 .rodata.m_colors
                0x000000000000b3b8       0x24 _build/nrf_log_str_formatter.o
 .rodata.severity_names
                0x000000000000b3dc       0x14 _build/nrf_log_str_formatter.o
 .rodata.memobj_op.str1.1
                0x000000000000b3f0       0x50 _build/nrf_memobj.o
 .rodata.str1.1
                0x000000000000b440        0x9 _build/nrf_pwr_mgmt.o
 .rodata.str1.1
                0x000000000000b449      0x391 _build/nrf_strerror.o
 .rodata.m_unknown_str
                0x000000000000b7da       0x13 _build/nrf_strerror.o
 *fill*         0x000000000000b7ed        0x3 
 .rodata.nrf_strerror_array
                0x000000000000b7f0      0x118 _build/nrf_strerror.o
 .rodata.str1.1
                0x000000000000b908        0x6 _build/nrfx_clock.o
 .rodata.nrf_gpio_pin_port_decode.str1.1
                0x000000000000b90e       0x43 _build/nrfx_gpiote.o
 .rodata.str1.1
                0x000000000000b90e        0x7 _build/nrfx_gpiote.o
 .rodata.UARTE0_UART0_IRQHandler.str1.1
                0x000000000000b915       0x4f _build/nrfx_prs.o
 .rodata.str1.1
                0x000000000000b964        0x4 _build/nrfx_prs.o
 .rodata.str1.1
                0x000000000000b968        0x4 _build/nrfx_pwm.o
 .rodata.str1.1
                0x000000000000b96c        0x6 _build/nrfx_saadc.o
 .rodata.nrf_gpio_pin_port_decode.str1.1
                0x000000000000b972       0x43 _build/nrfx_spim.o
 .rodata.SPIM2_SPIS2_SPI2_IRQHandler.str1.1
                0x000000000000b972       0x4c _build/nrfx_spim.o
 .rodata.str1.1
                0x000000000000b9be        0x5 _build/nrfx_spim.o
 .rodata.str1.1
                0x000000000000b9c3        0x6 _build/nrfx_timer.o
 .rodata.twim_irq_handler.str1.1
                0x000000000000b9c9       0x4c _build/nrfx_twim.o
 .rodata.str1.1
                0x000000000000ba15        0x5 _build/nrfx_twim.o
 .rodata.nrf_gpio_pin_port_decode.str1.1
                0x000000000000ba1a       0x43 _build/nrfx_uart.o
 .rodata.nrfx_uart_init.str1.1
                0x000000000000ba1a       0x90 _build/nrfx_uart.o
 .rodata.str1.1
                0x000000000000baaa        0x5 _build/nrfx_uart.o
 .rodata.nrf_gpio_pin_port_decode.str1.1
                0x000000000000baaf       0x43 _build/nrfx_uarte.o
 .rodata.nrfx_uarte_init.str1.1
                0x000000000000baaf       0x4d _build/nrfx_uarte.o
                                         0x91 (size before relaxing)
 .rodata.str1.1
                0x000000000000bafc        0x6 _build/nrfx_uarte.o
 *fill*         0x000000000000bb02        0x2 
 .rodata.irq_handlers.0
                0x000000000000bb04        0x8 _build/nrfx_uarte.o
 .rodata._ctype_
                0x000000000000bb0c      0x101 /opt/homebrew/Cellar/arm-none-eabi-gcc/10.3-2021.10/gcc/bin/../lib/gcc/arm-none-eabi/10.3.1/../../../../arm-none-eabi/lib/thumb/v7e-m+fp/hard/libc.a(lib_a-ctype_.o)
                0x000000000000bb0c                _ctype_
 *fill*         0x000000000000bc0d        0x3 
 .rodata._global_impure_ptr
                0x000000000000bc10        0x4 /opt/homebrew/Cellar/arm-none-eabi-gcc/10.3-2021.10/gcc/bin/../lib/gcc/arm-none-eabi/10.3.1/../../../../arm-none-eabi/lib/thumb/v7e-m+fp/hard/libc.a(lib_a-impure.o)
                0x000000000000bc10                _global_impure_ptr
 .rodata._vfprintf_r.str1.4
                0x000000000000bc14       0x42 /opt/homebrew/Cellar/arm-none-eabi-gcc/10.3-2021.10/gcc/bin/../lib/gcc/arm-none-eabi/10.3.1/../../../../arm-none-eabi/lib/thumb/v7e-m+fp/hard/libc.a(lib_a-vfprintf.o)
 *fill*         0x000000000000bc56        0x2 
 .rodata.blanks.1
                0x000000000000bc58       0x10 /opt/homebrew/Cellar/arm-none-eabi-gcc/10.3-2021.10/gcc/bin/../lib/gcc/arm-none-eabi/10.3.1/../../../../arm-none-eabi/lib/thumb/v7e-m+fp/hard/libc.a(lib_a-vfprintf.o)
 .rodata.zeroes.0
                0x000000000000bc68       0x10 /opt/homebrew/Cellar/arm-none-eabi-gcc/10.3-2021.10/gcc/bin/../lib/gcc/arm-none-eabi/10.3.1/../../../../arm-none-eabi/lib/thumb/v7e-m+fp/hard/libc.a(lib_a-vfprintf.o)
 .rodata._dtoa_r.str1.4
                0x000000000000bc78       0x7e /opt/homebrew/Cellar/arm-none-eabi-gcc/10.3-2021.10/gcc/bin/../lib/gcc/arm-none-eabi/10.3.1/../../../../arm-none-eabi/lib/thumb/v7e-m+fp/hard/libc.a(lib_a-dtoa.o)
                                         0x82 (size before relaxing)
 *fill*         0x000000000000bcf6        0x2 
 .rodata.__multadd.str1.4
                0x000000000000bcf8       0x5b /opt/homebrew/Cellar/arm-none-eabi-gcc/10.3-2021.10/gcc/bin/../lib/gcc/arm-none-eabi/10.3.1/../../../../arm-none-eabi/lib/thumb/v7e-m+fp/hard/libc.a(lib_a-mprec.o)
                                         0x6f (size before relaxing)
 *fill*         0x000000000000bd53        0x5 
 .rodata.__mprec_bigtens
                0x000000000000bd58       0x28 /opt/homebrew/Cellar/arm-none-eabi-gcc/10.3-2021.10/gcc/bin/../lib/gcc/arm-none-eabi/10.3.1/../../../../arm-none-eabi/lib/thumb/v7e-m+fp/hard/libc.a(lib_a-mprec.o)
                0x000000000000bd58                __mprec_bigtens
 .rodata.__mprec_tens
                0x000000000000bd80       0xc8 /opt/homebrew/Cellar/arm-none-eabi-gcc/10.3-2021.10/gcc/bin/../lib/gcc/arm-none-eabi/10.3.1/../../../../arm-none-eabi/lib/thumb/v7e-m+fp/hard/libc.a(lib_a-mprec.o)
                0x000000000000bd80                __mprec_tens
 .rodata.p05.0  0x000000000000be48        0xc /opt/homebrew/Cellar/arm-none-eabi-gcc/10.3-2021.10/gcc/bin/../lib/gcc/arm-none-eabi/10.3.1/../../../../arm-none-eabi/lib/thumb/v7e-m+fp/hard/libc.a(lib_a-mprec.o)
 .rodata._vfiprintf_r.str1.4
                0x000000000000be54       0x2f /opt/homebrew/Cellar/arm-none-eabi-gcc/10.3-2021.10/gcc/bin/../lib/gcc/arm-none-eabi/10.3.1/../../../../arm-none-eabi/lib/thumb/v7e-m+fp/hard/libc.a(lib_a-vfiprintf.o)
 .rodata.blanks.1
                0x000000000000be54       0x10 /opt/homebrew/Cellar/arm-none-eabi-gcc/10.3-2021.10/gcc/bin/../lib/gcc/arm-none-eabi/10.3.1/../../../../arm-none-eabi/lib/thumb/v7e-m+fp/hard/libc.a(lib_a-vfiprintf.o)
 .rodata.zeroes.0
                0x000000000000be64       0x10 /opt/homebrew/Cellar/arm-none-eabi-gcc/10.3-2021.10/gcc/bin/../lib/gcc/arm-none-eabi/10.3.1/../../../../arm-none-eabi/lib/thumb/v7e-m+fp/hard/libc.a(lib_a-vfiprintf.o)
 .rodata.__assert_func.str1.4
                0x000000000000be74       0x3f /opt/homebrew/Cellar/arm-none-eabi-gcc/10.3-2021.10/gcc/bin/../lib/gcc/arm-none-eabi/10.3.1/../../../../arm-none-eabi/lib/thumb/v7e-m+fp/hard/libc.a(lib_a-assert.o)
                                         0x43 (size before relaxing)
 *fill*         0x000000000000beb3        0x1 
 .rodata._setlocale_r.str1.4
                0x000000000000beb4        0xa /opt/homebrew/Cellar/arm-none-eabi-gcc/10.3-2021.10/gcc/bin/../lib/gcc/arm-none-eabi/10.3.1/../../../../arm-none-eabi/lib/thumb/v7e-m+fp/hard/libc.a(lib_a-locale.o)
                                          0xd (size before relaxing)
 *fill*         0x000000000000bebe        0x2 
 .rodata.str1.4
                0x000000000000bec0        0x2 /opt/homebrew/Cellar/arm-none-eabi-gcc/10.3-2021.10/gcc/bin/../lib/gcc/arm-none-eabi/10.3.1/../../../../arm-none-eabi/lib/thumb/v7e-m+fp/hard/libc.a(lib_a-locale.o)
 *(.eh_frame*)
 *fill*         0x000000000000bec2        0x2 
 .eh_frame      0x000000000000bec4        0x0 /opt/homebrew/Cellar/arm-none-eabi-gcc/10.3-2021.10/gcc/bin/../lib/gcc/arm-none-eabi/10.3.1/thumb/v7e-m+fp/hard/crtbegin.o
 .eh_frame      0x000000000000bec4        0x4 /opt/homebrew/Cellar/arm-none-eabi-gcc/10.3-2021.10/gcc/bin/../lib/gcc/arm-none-eabi/10.3.1/thumb/v7e-m+fp/hard/crtend.o

.glue_7         0x000000000000bec8        0x0
 .glue_7        0x000000000000bec8        0x0 linker stubs

.glue_7t        0x000000000000bec8        0x0
 .glue_7t       0x000000000000bec8        0x0 linker stubs

.vfp11_veneer   0x000000000000bec8        0x0
 .vfp11_veneer  0x000000000000bec8        0x0 linker stubs

.v4_bx          0x000000000000bec8        0x0
 .v4_bx         0x000000000000bec8        0x0 linker stubs

.iplt           0x000000000000bec8        0x0
 .iplt          0x000000000000bec8        0x0 /opt/homebrew/Cellar/arm-none-eabi-gcc/10.3-2021.10/gcc/bin/../lib/gcc/arm-none-eabi/10.3.1/thumb/v7e-m+fp/hard/crtbegin.o

.pwr_mgmt_data  0x000000000000bec8        0x0
                0x000000000000bec8                PROVIDE (__start_pwr_mgmt_data = .)
 *(SORT_BY_NAME(.pwr_mgmt_data*))
                0x000000000000bec8                PROVIDE (__stop_pwr_mgmt_data = .)

.log_const_data
                0x000000000000bec8       0x68
                0x000000000000bec8                PROVIDE (__start_log_const_data = .)
 *(SORT_BY_NAME(.log_const_data*))
 .log_const_data_CLOCK
                0x000000000000bec8        0x8 _build/nrfx_clock.o
                0x000000000000bec8                m_nrf_log_CLOCK_logs_data_const
 .log_const_data_GPIOTE
                0x000000000000bed0        0x8 _build/nrfx_gpiote.o
                0x000000000000bed0                m_nrf_log_GPIOTE_logs_data_const
 .log_const_data_PRS
                0x000000000000bed8        0x8 _build/nrfx_prs.o
                0x000000000000bed8                m_nrf_log_PRS_logs_data_const
 .log_const_data_PWM
                0x000000000000bee0        0x8 _build/nrfx_pwm.o
                0x000000000000bee0                m_nrf_log_PWM_logs_data_const
 .log_const_data_SAADC
                0x000000000000bee8        0x8 _build/nrfx_saadc.o
                0x000000000000bee8                m_nrf_log_SAADC_logs_data_const
 .log_const_data_SPIM
                0x000000000000bef0        0x8 _build/nrfx_spim.o
                0x000000000000bef0                m_nrf_log_SPIM_logs_data_const
 .log_const_data_TIMER
                0x000000000000bef8        0x8 _build/nrfx_timer.o
                0x000000000000bef8                m_nrf_log_TIMER_logs_data_const
 .log_const_data_TWIM
                0x000000000000bf00        0x8 _build/nrfx_twim.o
                0x000000000000bf00                m_nrf_log_TWIM_logs_data_const
 .log_const_data_UART
                0x000000000000bf08        0x8 _build/nrfx_uart.o
                0x000000000000bf08                m_nrf_log_UART_logs_data_const
 .log_const_data_UARTE
                0x000000000000bf10        0x8 _build/nrfx_uarte.o
                0x000000000000bf10                m_nrf_log_UARTE_logs_data_const
 .log_const_data_app
                0x000000000000bf18        0x8 _build/nrf_log_frontend.o
                0x000000000000bf18                m_nrf_log_app_logs_data_const
 .log_const_data_clock
                0x000000000000bf20        0x8 _build/nrf_drv_clock.o
                0x000000000000bf20                m_nrf_log_clock_logs_data_const
 .log_const_data_pwr_mgmt
                0x000000000000bf28        0x8 _build/nrf_pwr_mgmt.o
                0x000000000000bf28                m_nrf_log_pwr_mgmt_logs_data_const
                0x000000000000bf30                PROVIDE (__stop_log_const_data = .)

.nrf_balloc     0x000000000000bf30       0x14
                [!provide]                        PROVIDE (__start_nrf_balloc = .)
 *(.nrf_balloc)
 .nrf_balloc    0x000000000000bf30       0x14 _build/nrf_log_frontend.o
                0x000000000000bf30                log_mempool
                [!provide]                        PROVIDE (__stop_nrf_balloc = .)

.log_backends   0x000000000000bf44       0x10
 .log_backends  0x000000000000bf44       0x10 _build/nrf_log_default_backends.o

.nrf_queue      0x000000000000bf54        0x0
                [!provide]                        PROVIDE (__start_nrf_queue = .)
 *(.nrf_queue)
                [!provide]                        PROVIDE (__stop_nrf_queue = .)

.cli_command    0x000000000000bf54        0x0
                [!provide]                        PROVIDE (__start_cli_command = .)
 *(.cli_command)
                [!provide]                        PROVIDE (__stop_cli_command = .)

.sdh_stack_observers
                0x000000000000bf54        0x0
                [!provide]                        PROVIDE (__start_sdh_stack_observers = .)
 *(SORT_BY_NAME(.sdh_stack_observers*))
                [!provide]                        PROVIDE (__stop_sdh_stack_observers = .)

.sdh_req_observers
                0x000000000000bf54        0x0
                [!provide]                        PROVIDE (__start_sdh_req_observers = .)
 *(SORT_BY_NAME(.sdh_req_observers*))
                [!provide]                        PROVIDE (__stop_sdh_req_observers = .)

.sdh_state_observers
                0x000000000000bf54        0x0
                [!provide]                        PROVIDE (__start_sdh_state_observers = .)
 *(SORT_BY_NAME(.sdh_state_observers*))
                [!provide]                        PROVIDE (__stop_sdh_state_observers = .)

.sdh_ant_observers
                0x000000000000bf54        0x0
                [!provide]                        PROVIDE (__start_sdh_ant_observers = .)
 *(SORT_BY_NAME(.sdh_ant_observers*))
                [!provide]                        PROVIDE (__stop_sdh_ant_observers = .)

.sdh_ble_observers
                0x000000000000bf54        0x0
                [!provide]                        PROVIDE (__start_sdh_ble_observers = .)
 *(SORT_BY_NAME(.sdh_ble_observers*))
                [!provide]                        PROVIDE (__stop_sdh_ble_observers = .)

.sdh_soc_observers
                0x000000000000bf54        0x0
                [!provide]                        PROVIDE (__start_sdh_soc_observers = .)
 *(SORT_BY_NAME(.sdh_soc_observers*))
                [!provide]                        PROVIDE (__stop_sdh_soc_observers = .)

.crypto_data    0x000000000000bf54        0x0
                [!provide]                        PROVIDE (__start_crypto_data = .)
 *(SORT_BY_NAME(.crypto_data*))
                [!provide]                        PROVIDE (__stop_crypto_data = .)

.ARM.extab
 *(.ARM.extab* .gnu.linkonce.armextab.*)
                0x000000000000bf54                __exidx_start = .

.ARM.exidx      0x000000000000bf54        0x8
 *(.ARM.exidx* .gnu.linkonce.armexidx.*)
 .ARM.exidx     0x000000000000bf54        0x8 /opt/homebrew/Cellar/arm-none-eabi-gcc/10.3-2021.10/gcc/bin/../lib/gcc/arm-none-eabi/10.3.1/../../../../arm-none-eabi/lib/thumb/v7e-m+fp/hard/crt0.o
                                         0x10 (size before relaxing)
 .ARM.exidx     0x000000000000bf5c        0x0 /opt/homebrew/Cellar/arm-none-eabi-gcc/10.3-2021.10/gcc/bin/../lib/gcc/arm-none-eabi/10.3.1/thumb/v7e-m+fp/hard/libgcc.a(_udivmoddi4.o)
                                          0x8 (size before relaxing)
                0x000000000000bf5c                __exidx_end = .
                0x000000000000bf5c                __etext = .

.rel.dyn        0x000000000000bf5c        0x0
 .rel.iplt      0x000000000000bf5c        0x0 /opt/homebrew/Cellar/arm-none-eabi-gcc/10.3-2021.10/gcc/bin/../lib/gcc/arm-none-eabi/10.3.1/thumb/v7e-m+fp/hard/crtbegin.o

.data           0x0000000020000000      0x9e0 load address 0x000000000000bf5c
                0x0000000020000000                __data_start__ = .
 *(vtable)
 *(.data*)
 .data.m_uart   0x0000000020000000       0x14 _build/microbit_nrf_log_backend_uart.o
                0x0000000020000000                m_uart
 .data.log_backend_cb_uart_log_backend
                0x0000000020000014        0x8 _build/nrf_log_default_backends.o
 .data.SystemCoreClock
                0x000000002000001c        0x4 _build/system_nrf52833.o
                0x000000002000001c                SystemCoreClock
 .data._impure_ptr
                0x0000000020000020        0x4 /opt/homebrew/Cellar/arm-none-eabi-gcc/10.3-2021.10/gcc/bin/../lib/gcc/arm-none-eabi/10.3.1/../../../../arm-none-eabi/lib/thumb/v7e-m+fp/hard/libc.a(lib_a-impure.o)
                0x0000000020000020                _impure_ptr
 *fill*         0x0000000020000024        0x4 
 .data.impure_data
                0x0000000020000028      0x428 /opt/homebrew/Cellar/arm-none-eabi-gcc/10.3-2021.10/gcc/bin/../lib/gcc/arm-none-eabi/10.3.1/../../../../arm-none-eabi/lib/thumb/v7e-m+fp/hard/libc.a(lib_a-impure.o)
 .data.__atexit_recursive_mutex
                0x0000000020000450        0x4 /opt/homebrew/Cellar/arm-none-eabi-gcc/10.3-2021.10/gcc/bin/../lib/gcc/arm-none-eabi/10.3.1/../../../../arm-none-eabi/lib/thumb/v7e-m+fp/hard/libc.a(lib_a-__call_atexit.o)
                0x0000000020000450                __atexit_recursive_mutex
 .data.__malloc_av_
                0x0000000020000454      0x408 /opt/homebrew/Cellar/arm-none-eabi-gcc/10.3-2021.10/gcc/bin/../lib/gcc/arm-none-eabi/10.3.1/../../../../arm-none-eabi/lib/thumb/v7e-m+fp/hard/libc.a(lib_a-mallocr.o)
                0x0000000020000454                __malloc_av_
 .data.__malloc_sbrk_base
                0x000000002000085c        0x4 /opt/homebrew/Cellar/arm-none-eabi-gcc/10.3-2021.10/gcc/bin/../lib/gcc/arm-none-eabi/10.3.1/../../../../arm-none-eabi/lib/thumb/v7e-m+fp/hard/libc.a(lib_a-mallocr.o)
                0x000000002000085c                __malloc_sbrk_base
 .data.__malloc_trim_threshold
                0x0000000020000860        0x4 /opt/homebrew/Cellar/arm-none-eabi-gcc/10.3-2021.10/gcc/bin/../lib/gcc/arm-none-eabi/10.3.1/../../../../arm-none-eabi/lib/thumb/v7e-m+fp/hard/libc.a(lib_a-mallocr.o)
                0x0000000020000860                __malloc_trim_threshold
 .data.__global_locale
                0x0000000020000864      0x16c /opt/homebrew/Cellar/arm-none-eabi-gcc/10.3-2021.10/gcc/bin/../lib/gcc/arm-none-eabi/10.3.1/../../../../arm-none-eabi/lib/thumb/v7e-m+fp/hard/libc.a(lib_a-locale.o)
                0x0000000020000864                __global_locale
                0x00000000200009d0                . = ALIGN (0x4)
                0x00000000200009d0                PROVIDE (__preinit_array_start = .)
 *(.preinit_array)
                0x00000000200009d0                PROVIDE (__preinit_array_end = .)
                0x00000000200009d0                . = ALIGN (0x4)
                0x00000000200009d0                PROVIDE (__init_array_start = .)
 *(SORT_BY_NAME(.init_array.*))
 .init_array.00000
                0x00000000200009d0        0x4 /opt/homebrew/Cellar/arm-none-eabi-gcc/10.3-2021.10/gcc/bin/../lib/gcc/arm-none-eabi/10.3.1/../../../../arm-none-eabi/lib/thumb/v7e-m+fp/hard/libc.a(lib_a-__call_atexit.o)
 *(.init_array)
 .init_array    0x00000000200009d4        0x4 /opt/homebrew/Cellar/arm-none-eabi-gcc/10.3-2021.10/gcc/bin/../lib/gcc/arm-none-eabi/10.3.1/thumb/v7e-m+fp/hard/crtbegin.o
 .init_array    0x00000000200009d8        0x4 _build/microbit_before_startup.o
                0x00000000200009dc                PROVIDE (__init_array_end = .)
                0x00000000200009dc                . = ALIGN (0x4)
                0x00000000200009dc                PROVIDE (__fini_array_start = .)
 *(SORT_BY_NAME(.fini_array.*))
 *(.fini_array)
 .fini_array    0x00000000200009dc        0x4 /opt/homebrew/Cellar/arm-none-eabi-gcc/10.3-2021.10/gcc/bin/../lib/gcc/arm-none-eabi/10.3.1/thumb/v7e-m+fp/hard/crtbegin.o
                0x00000000200009e0                PROVIDE (__fini_array_end = .)
 *(.jcr*)
                0x00000000200009e0                . = ALIGN (0x4)
                0x00000000200009e0                __data_end__ = .
LOAD /opt/homebrew/Cellar/arm-none-eabi-gcc/10.3-2021.10/gcc/bin/../lib/gcc/arm-none-eabi/10.3.1/thumb/v7e-m+fp/hard/crti.o
LOAD /opt/homebrew/Cellar/arm-none-eabi-gcc/10.3-2021.10/gcc/bin/../lib/gcc/arm-none-eabi/10.3.1/thumb/v7e-m+fp/hard/crtbegin.o
LOAD /opt/homebrew/Cellar/arm-none-eabi-gcc/10.3-2021.10/gcc/bin/../lib/gcc/arm-none-eabi/10.3.1/../../../../arm-none-eabi/lib/thumb/v7e-m+fp/hard/crt0.o
START GROUP
LOAD _build/main.o
LOAD _build/better_error_handling.o
LOAD _build/clib_stubs.o
LOAD _build/microbit_before_startup.o
LOAD _build/microbit_nrf_log_backend_uart.o
LOAD _build/microbit_retarget.o
LOAD _build/app_error_handler_gcc.o
LOAD _build/app_fifo.o
LOAD _build/app_scheduler.o
LOAD _build/app_timer.o
LOAD _build/app_uart_fifo.o
LOAD _build/app_util_platform.o
LOAD _build/hardfault_handler_gcc.o
LOAD _build/nrf_assert.o
LOAD _build/nrf_atomic.o
LOAD _build/nrf_balloc.o
LOAD _build/nrf_drv_clock.o
LOAD _build/nrf_drv_twi.o
LOAD _build/nrf_drv_uart.o
LOAD _build/nrf_fprintf.o
LOAD _build/nrf_fprintf_format.o
LOAD _build/nrf_log_backend_rtt.o
LOAD _build/nrf_log_backend_serial.o
LOAD _build/nrf_log_default_backends.o
LOAD _build/nrf_log_frontend.o
LOAD _build/nrf_log_str_formatter.o
LOAD _build/nrf_memobj.o
LOAD _build/nrf_nvmc.o
LOAD _build/nrf_pwr_mgmt.o
LOAD _build/nrf_queue.o
LOAD _build/nrf_ringbuf.o
LOAD _build/nrf_sdh.o
LOAD _build/nrf_section_iter.o
LOAD _build/nrf_serial.o
LOAD _build/nrf_strerror.o
LOAD _build/nrf_twi_mngr.o
LOAD _build/nrfx_clock.o
LOAD _build/nrfx_gpiote.o
LOAD _build/nrfx_ppi.o
LOAD _build/nrfx_prs.o
LOAD _build/nrfx_pwm.o
LOAD _build/nrfx_saadc.o
LOAD _build/nrfx_spim.o
LOAD _build/nrfx_timer.o
LOAD _build/nrfx_twi.o
LOAD _build/nrfx_twim.o
LOAD _build/nrfx_uart.o
LOAD _build/nrfx_uarte.o
LOAD _build/system_nrf52833.o
LOAD _build/app_error_weak.o
LOAD _build/gcc_startup_nrf52833.os
LOAD /opt/homebrew/Cellar/arm-none-eabi-gcc/10.3-2021.10/gcc/bin/../lib/gcc/arm-none-eabi/10.3.1/../../../../arm-none-eabi/lib/thumb/v7e-m+fp/hard/libc.a
LOAD /opt/homebrew/Cellar/arm-none-eabi-gcc/10.3-2021.10/gcc/bin/../lib/gcc/arm-none-eabi/10.3.1/../../../../arm-none-eabi/lib/thumb/v7e-m+fp/hard/libnosys.a
LOAD /opt/homebrew/Cellar/arm-none-eabi-gcc/10.3-2021.10/gcc/bin/../lib/gcc/arm-none-eabi/10.3.1/../../../../arm-none-eabi/lib/thumb/v7e-m+fp/hard/libm.a
LOAD /opt/homebrew/Cellar/arm-none-eabi-gcc/10.3-2021.10/gcc/bin/../lib/gcc/arm-none-eabi/10.3.1/../../../../arm-none-eabi/lib/thumb/v7e-m+fp/hard/libstdc++.a
END GROUP
START GROUP
LOAD /opt/homebrew/Cellar/arm-none-eabi-gcc/10.3-2021.10/gcc/bin/../lib/gcc/arm-none-eabi/10.3.1/thumb/v7e-m+fp/hard/libgcc.a
LOAD /opt/homebrew/Cellar/arm-none-eabi-gcc/10.3-2021.10/gcc/bin/../lib/gcc/arm-none-eabi/10.3.1/../../../../arm-none-eabi/lib/thumb/v7e-m+fp/hard/libc.a
END GROUP
LOAD /opt/homebrew/Cellar/arm-none-eabi-gcc/10.3-2021.10/gcc/bin/../lib/gcc/arm-none-eabi/10.3.1/thumb/v7e-m+fp/hard/crtend.o
LOAD /opt/homebrew/Cellar/arm-none-eabi-gcc/10.3-2021.10/gcc/bin/../lib/gcc/arm-none-eabi/10.3.1/thumb/v7e-m+fp/hard/crtn.o
START GROUP
LOAD /opt/homebrew/Cellar/arm-none-eabi-gcc/10.3-2021.10/gcc/bin/../lib/gcc/arm-none-eabi/10.3.1/thumb/v7e-m+fp/hard/libgcc.a
LOAD /opt/homebrew/Cellar/arm-none-eabi-gcc/10.3-2021.10/gcc/bin/../lib/gcc/arm-none-eabi/10.3.1/../../../../arm-none-eabi/lib/thumb/v7e-m+fp/hard/libc.a
LOAD /opt/homebrew/Cellar/arm-none-eabi-gcc/10.3-2021.10/gcc/bin/../lib/gcc/arm-none-eabi/10.3.1/../../../../arm-none-eabi/lib/thumb/v7e-m+fp/hard/libnosys.a
END GROUP
                0x0000000000001000                FLASH_PAGE_SIZE = 0x1000
                0x0000000000000004                FLASH_DATA_PAGES_USED = 0x4

.igot.plt       0x00000000200009e0        0x0 load address 0x000000000000c93c
 .igot.plt      0x00000000200009e0        0x0 /opt/homebrew/Cellar/arm-none-eabi-gcc/10.3-2021.10/gcc/bin/../lib/gcc/arm-none-eabi/10.3.1/thumb/v7e-m+fp/hard/crtbegin.o
                0x00000000200009e0                . = ALIGN (0x4)

.svc_data       0x00000000200009e0        0x0
                [!provide]                        PROVIDE (__start_svc_data = .)
 *(.svc_data)
                [!provide]                        PROVIDE (__stop_svc_data = .)

.fs_data        0x00000000200009e0        0x0
                [!provide]                        PROVIDE (__start_fs_data = .)
 *(.fs_data)
                [!provide]                        PROVIDE (__stop_fs_data = .)

.log_dynamic_data
                0x00000000200009e0        0x0
                0x00000000200009e0                PROVIDE (__start_log_dynamic_data = .)
 *(SORT_BY_NAME(.log_dynamic_data*))
                [!provide]                        PROVIDE (__stop_log_dynamic_data = .)

.cli_sorted_cmd_ptrs
                0x00000000200009e0        0x0
                [!provide]                        PROVIDE (__start_cli_sorted_cmd_ptrs = .)
 *(.cli_sorted_cmd_ptrs)
                [!provide]                        PROVIDE (__stop_cli_sorted_cmd_ptrs = .)

.bss            0x00000000200009e0      0x944 load address 0x000000000000c93c
                0x00000000200009e0                . = ALIGN (0x4)
                0x00000000200009e0                __bss_start__ = .
 *(.bss*)
 .bss           0x00000000200009e0       0x1c /opt/homebrew/Cellar/arm-none-eabi-gcc/10.3-2021.10/gcc/bin/../lib/gcc/arm-none-eabi/10.3.1/thumb/v7e-m+fp/hard/crtbegin.o
 .bss.m_async_mode
                0x00000000200009fc        0x1 _build/microbit_nrf_log_backend_uart.o
 .bss.m_string_buff
                0x00000000200009fd       0x40 _build/microbit_nrf_log_backend_uart.o
 .bss.m_xfer_done
                0x0000000020000a3d        0x1 _build/microbit_nrf_log_backend_uart.o
 *fill*         0x0000000020000a3e        0x2 
 .bss.m_op_queue
                0x0000000020000a40      0x10c _build/app_timer.o
 .bss.m_rtc1_reset
                0x0000000020000b4c        0x1 _build/app_timer.o
 .bss.m_rtc1_running
                0x0000000020000b4d        0x1 _build/app_timer.o
 *fill*         0x0000000020000b4e        0x2 
 .bss.m_ticks_elapsed
                0x0000000020000b50        0x8 _build/app_timer.o
 .bss.m_ticks_elapsed_q_read_ind
                0x0000000020000b58        0x1 _build/app_timer.o
 .bss.m_ticks_elapsed_q_write_ind
                0x0000000020000b59        0x1 _build/app_timer.o
 *fill*         0x0000000020000b5a        0x2 
 .bss.m_ticks_latest
                0x0000000020000b5c        0x4 _build/app_timer.o
 .bss.mp_timer_id_head
                0x0000000020000b60        0x4 _build/app_timer.o
 .bss.m_in_critical_region
                0x0000000020000b64        0x4 _build/app_util_platform.o
 .bss.m_contexts
                0x0000000020000b68        0x8 _build/nrf_drv_uart.o
 .bss.m_handlers
                0x0000000020000b70        0x8 _build/nrf_drv_uart.o
 .bss.nrf_drv_uart_use_easy_dma
                0x0000000020000b78        0x2 _build/nrf_drv_uart.o
                0x0000000020000b78                nrf_drv_uart_use_easy_dma
 *fill*         0x0000000020000b7a        0x2 
 .bss.log_mempool_nrf_balloc_cb
                0x0000000020000b7c        0x8 _build/nrf_log_frontend.o
 .bss.log_mempool_nrf_balloc_pool_mem
                0x0000000020000b84       0xc0 _build/nrf_log_frontend.o
 .bss.log_mempool_nrf_balloc_pool_stack
                0x0000000020000c44        0x8 _build/nrf_log_frontend.o
 .bss.m_log_data
                0x0000000020000c4c      0x424 _build/nrf_log_frontend.o
 .bss.m_log_push_ringbuf_buf
                0x0000000020001070       0x80 _build/nrf_log_frontend.o
 .bss.m_log_push_ringbuf_cb
                0x00000000200010f0       0x18 _build/nrf_log_frontend.o
 .bss.m_clock_cb
                0x0000000020001108        0x8 _build/nrfx_clock.o
 .bss.m_cb      0x0000000020001110       0x68 _build/nrfx_gpiote.o
 .bss.m_prs_box_4
                0x0000000020001178        0x8 _build/nrfx_prs.o
 .bss.m_cb      0x0000000020001180       0x10 _build/nrfx_pwm.o
 .bss.m_cb      0x0000000020001190       0x30 _build/nrfx_saadc.o
 .bss.m_cb      0x00000000200011c0       0x24 _build/nrfx_spim.o
 .bss.m_cb      0x00000000200011e4       0x18 _build/nrfx_timer.o
 .bss.m_cb      0x00000000200011fc       0x68 _build/nrfx_twim.o
 .bss.m_cb      0x0000000020001264       0x2c _build/nrfx_uart.o
 .bss.m_cb      0x0000000020001290       0x48 _build/nrfx_uarte.o
 .bss.__lock___atexit_recursive_mutex
                0x00000000200012d8        0x1 /opt/homebrew/Cellar/arm-none-eabi-gcc/10.3-2021.10/gcc/bin/../lib/gcc/arm-none-eabi/10.3.1/../../../../arm-none-eabi/lib/thumb/v7e-m+fp/hard/libc.a(lib_a-lock.o)
                0x00000000200012d8                __lock___atexit_recursive_mutex
 *fill*         0x00000000200012d9        0x3 
 .bss.__lock___malloc_recursive_mutex
                0x00000000200012dc        0x1 /opt/homebrew/Cellar/arm-none-eabi-gcc/10.3-2021.10/gcc/bin/../lib/gcc/arm-none-eabi/10.3.1/../../../../arm-none-eabi/lib/thumb/v7e-m+fp/hard/libc.a(lib_a-lock.o)
                0x00000000200012dc                __lock___malloc_recursive_mutex
 *fill*         0x00000000200012dd        0x3 
 .bss.__lock___sfp_recursive_mutex
                0x00000000200012e0        0x1 /opt/homebrew/Cellar/arm-none-eabi-gcc/10.3-2021.10/gcc/bin/../lib/gcc/arm-none-eabi/10.3.1/../../../../arm-none-eabi/lib/thumb/v7e-m+fp/hard/libc.a(lib_a-lock.o)
                0x00000000200012e0                __lock___sfp_recursive_mutex
 *fill*         0x00000000200012e1        0x3 
 .bss.__lock___sinit_recursive_mutex
                0x00000000200012e4        0x1 /opt/homebrew/Cellar/arm-none-eabi-gcc/10.3-2021.10/gcc/bin/../lib/gcc/arm-none-eabi/10.3.1/../../../../arm-none-eabi/lib/thumb/v7e-m+fp/hard/libc.a(lib_a-lock.o)
                0x00000000200012e4                __lock___sinit_recursive_mutex
 *fill*         0x00000000200012e5        0x3 
 .bss.__malloc_current_mallinfo
                0x00000000200012e8       0x28 /opt/homebrew/Cellar/arm-none-eabi-gcc/10.3-2021.10/gcc/bin/../lib/gcc/arm-none-eabi/10.3.1/../../../../arm-none-eabi/lib/thumb/v7e-m+fp/hard/libc.a(lib_a-mallocr.o)
                0x00000000200012e8                __malloc_current_mallinfo
 .bss.__malloc_max_sbrked_mem
                0x0000000020001310        0x4 /opt/homebrew/Cellar/arm-none-eabi-gcc/10.3-2021.10/gcc/bin/../lib/gcc/arm-none-eabi/10.3.1/../../../../arm-none-eabi/lib/thumb/v7e-m+fp/hard/libc.a(lib_a-mallocr.o)
                0x0000000020001310                __malloc_max_sbrked_mem
 .bss.__malloc_max_total_mem
                0x0000000020001314        0x4 /opt/homebrew/Cellar/arm-none-eabi-gcc/10.3-2021.10/gcc/bin/../lib/gcc/arm-none-eabi/10.3.1/../../../../arm-none-eabi/lib/thumb/v7e-m+fp/hard/libc.a(lib_a-mallocr.o)
                0x0000000020001314                __malloc_max_total_mem
 .bss.__malloc_top_pad
                0x0000000020001318        0x4 /opt/homebrew/Cellar/arm-none-eabi-gcc/10.3-2021.10/gcc/bin/../lib/gcc/arm-none-eabi/10.3.1/../../../../arm-none-eabi/lib/thumb/v7e-m+fp/hard/libc.a(lib_a-mallocr.o)
                0x0000000020001318                __malloc_top_pad
 .bss.errno     0x000000002000131c        0x4 /opt/homebrew/Cellar/arm-none-eabi-gcc/10.3-2021.10/gcc/bin/../lib/gcc/arm-none-eabi/10.3.1/../../../../arm-none-eabi/lib/thumb/v7e-m+fp/hard/libc.a(lib_a-reent.o)
                0x000000002000131c                errno
 .bss.heap_end.0
                0x0000000020001320        0x4 /opt/homebrew/Cellar/arm-none-eabi-gcc/10.3-2021.10/gcc/bin/../lib/gcc/arm-none-eabi/10.3.1/../../../../arm-none-eabi/lib/thumb/v7e-m+fp/hard/libnosys.a(sbrk.o)
 *(COMMON)
                0x0000000020001324                . = ALIGN (0x4)
                0x0000000020001324                __bss_end__ = .

.heap           0x0000000020001328     0x2000
                0x0000000020001328                __HeapBase = .
                0x0000000020001328                __end__ = .
                0x0000000020001328                PROVIDE (end = .)
 *(.heap*)
 .heap          0x0000000020001328     0x2000 _build/gcc_startup_nrf52833.os
                0x0000000020003328                __HeapLimit = .

.stack_dummy    0x0000000020001328     0x2000
 *(.stack*)
 .stack         0x0000000020001328     0x2000 _build/gcc_startup_nrf52833.os
                0x0000000020020000                __StackTop = (ORIGIN (RAM) + LENGTH (RAM))
                0x000000002001e000                __StackLimit = (__StackTop - SIZEOF (.stack_dummy))
                0x0000000020020000                PROVIDE (__stack = __StackTop)
                0x0000000000000001                ASSERT ((__StackLimit >= __HeapLimit), region RAM overflowed with stack)
                0x00000000000009e0                DataInitFlashUsed = (__bss_start__ - __data_start__)
                0x000000000000bf5c                CodeFlashUsed = (__etext - ORIGIN (FLASH))
                0x000000000000c93c                TotalFlashUsed = (CodeFlashUsed + DataInitFlashUsed)
                0x0000000000000001                ASSERT ((TotalFlashUsed <= LENGTH (FLASH)), region FLASH overflowed with .data and user data)
OUTPUT(_build/blink_sdk16_blank.elf elf32-littlearm)
LOAD linker stubs

.ARM.attributes
                0x0000000000000000       0x30
 .ARM.attributes
                0x0000000000000000       0x1e /opt/homebrew/Cellar/arm-none-eabi-gcc/10.3-2021.10/gcc/bin/../lib/gcc/arm-none-eabi/10.3.1/thumb/v7e-m+fp/hard/crti.o
 .ARM.attributes
                0x000000000000001e       0x34 /opt/homebrew/Cellar/arm-none-eabi-gcc/10.3-2021.10/gcc/bin/../lib/gcc/arm-none-eabi/10.3.1/thumb/v7e-m+fp/hard/crtbegin.o
 .ARM.attributes
                0x0000000000000052       0x1c /opt/homebrew/Cellar/arm-none-eabi-gcc/10.3-2021.10/gcc/bin/../lib/gcc/arm-none-eabi/10.3.1/../../../../arm-none-eabi/lib/thumb/v7e-m+fp/hard/crt0.o
 .ARM.attributes
                0x000000000000006e       0x34 _build/main.o
 .ARM.attributes
                0x00000000000000a2       0x34 _build/better_error_handling.o
 .ARM.attributes
                0x00000000000000d6       0x34 _build/clib_stubs.o
 .ARM.attributes
                0x000000000000010a       0x34 _build/microbit_before_startup.o
 .ARM.attributes
                0x000000000000013e       0x34 _build/microbit_nrf_log_backend_uart.o
 .ARM.attributes
                0x0000000000000172       0x34 _build/microbit_retarget.o
 .ARM.attributes
                0x00000000000001a6       0x34 _build/app_error_handler_gcc.o
 .ARM.attributes
                0x00000000000001da       0x34 _build/app_timer.o
 .ARM.attributes
                0x000000000000020e       0x34 _build/app_util_platform.o
 .ARM.attributes
                0x0000000000000242       0x34 _build/hardfault_handler_gcc.o
 .ARM.attributes
                0x0000000000000276       0x34 _build/nrf_assert.o
 .ARM.attributes
                0x00000000000002aa       0x34 _build/nrf_atomic.o
 .ARM.attributes
                0x00000000000002de       0x34 _build/nrf_balloc.o
 .ARM.attributes
                0x0000000000000312       0x34 _build/nrf_drv_clock.o
 .ARM.attributes
                0x0000000000000346       0x34 _build/nrf_drv_uart.o
 .ARM.attributes
                0x000000000000037a       0x34 _build/nrf_fprintf.o
 .ARM.attributes
                0x00000000000003ae       0x34 _build/nrf_fprintf_format.o
 .ARM.attributes
                0x00000000000003e2       0x34 _build/nrf_log_backend_serial.o
 .ARM.attributes
                0x0000000000000416       0x34 _build/nrf_log_default_backends.o
 .ARM.attributes
                0x000000000000044a       0x34 _build/nrf_log_frontend.o
 .ARM.attributes
                0x000000000000047e       0x34 _build/nrf_log_str_formatter.o
 .ARM.attributes
                0x00000000000004b2       0x34 _build/nrf_memobj.o
 .ARM.attributes
                0x00000000000004e6       0x34 _build/nrf_pwr_mgmt.o
 .ARM.attributes
                0x000000000000051a       0x34 _build/nrf_ringbuf.o
 .ARM.attributes
                0x000000000000054e       0x34 _build/nrf_strerror.o
 .ARM.attributes
                0x0000000000000582       0x34 _build/nrfx_clock.o
 .ARM.attributes
                0x00000000000005b6       0x34 _build/nrfx_gpiote.o
 .ARM.attributes
                0x00000000000005ea       0x34 _build/nrfx_prs.o
 .ARM.attributes
                0x000000000000061e       0x34 _build/nrfx_pwm.o
 .ARM.attributes
                0x0000000000000652       0x34 _build/nrfx_saadc.o
 .ARM.attributes
                0x0000000000000686       0x34 _build/nrfx_spim.o
 .ARM.attributes
                0x00000000000006ba       0x34 _build/nrfx_timer.o
 .ARM.attributes
                0x00000000000006ee       0x34 _build/nrfx_twim.o
 .ARM.attributes
                0x0000000000000722       0x34 _build/nrfx_uart.o
 .ARM.attributes
                0x0000000000000756       0x34 _build/nrfx_uarte.o
 .ARM.attributes
                0x000000000000078a       0x34 _build/system_nrf52833.o
 .ARM.attributes
                0x00000000000007be       0x1c _build/gcc_startup_nrf52833.os
 .ARM.attributes
                0x00000000000007da       0x34 /opt/homebrew/Cellar/arm-none-eabi-gcc/10.3-2021.10/gcc/bin/../lib/gcc/arm-none-eabi/10.3.1/../../../../arm-none-eabi/lib/thumb/v7e-m+fp/hard/libc.a(lib_a-ctype_.o)
 .ARM.attributes
                0x000000000000080e       0x34 /opt/homebrew/Cellar/arm-none-eabi-gcc/10.3-2021.10/gcc/bin/../lib/gcc/arm-none-eabi/10.3.1/../../../../arm-none-eabi/lib/thumb/v7e-m+fp/hard/libc.a(lib_a-exit.o)
 .ARM.attributes
                0x0000000000000842       0x34 /opt/homebrew/Cellar/arm-none-eabi-gcc/10.3-2021.10/gcc/bin/../lib/gcc/arm-none-eabi/10.3.1/../../../../arm-none-eabi/lib/thumb/v7e-m+fp/hard/libc.a(lib_a-impure.o)
 .ARM.attributes